// Vitest Snapshot v1, https://vitest.dev/guide/snapshot.html

exports[`generateCity > is deterministic and matches its snapshot (edge-cases) 1`] = `
{
  "bounds": {
    "maxX": 6,
    "maxY": 6,
    "minX": -16,
    "minY": -16,
  },
  "buildings": [
    "R_edge_archived placeholder-brick-2 @-4,-4 level 2 facing 2 abandoned",
    "R_edge_archived_fork placeholder-brick-1 @3,-4 level 1 facing 0 abandoned annex",
    "R_edge_unknown_commits placeholder-industrial-4 @0,0 level 1 facing 1",
    "R_edge_fork placeholder-modern-1 @-4,3 level 1 facing 2 annex",
    "R_edge_megastar placeholder-industrial-4 @-13,-13 level 3 facing 3",
    "R_edge_same_time_a placeholder-industrial-1 @-6,-13 level 1 facing 3",
    "R_edge_same_time_b placeholder-industrial-1 @-6,-6 level 1 facing 0",
    "R_edge_rare_language placeholder-industrial-1 @-13,-6 level 1 facing 2",
    "R_edge_no_language placeholder-residential-1 @-4,-13 level 1 facing 2",
    "R_edge_star_boundaries_9 placeholder-brick-1 @3,-13 level 1 facing 3",
    "R_edge_star_boundaries_10 placeholder-brick-2 @2,-7 level 2 facing 1",
    "R_edge_unicode placeholder-modern-2 @-4,-7 level 3 facing 2",
  ],
  "catalogVersion": "14dc3468a4d398",
  "counts": {
    "buildings": 12,
    "decorations": 39,
    "dirt": 32,
    "ground": 529,
    "roads": 88,
  },
  "digest": "8ee11a41e722",
  "generatorVersion": 2,
}
`;

exports[`generateCity > is deterministic and matches its snapshot (large) 1`] = `
{
  "bounds": {
    "maxX": 42,
    "maxY": 42,
    "minX": -43,
    "minY": -43,
  },
  "buildings": [
    "R_large-dev_175 placeholder-industrial-1 @-4,-4 level 1 facing 3",
    "R_large-dev_252 placeholder-brick-1 @3,-4 level 1 facing 0",
    "R_large-dev_118 placeholder-brick-1 @3,3 level 1 facing 0 abandoned",
    "R_large-dev_173 placeholder-residential-2 @-4,2 level 1 facing 2",
    "R_large-dev_263 placeholder-brick-1 @-13,-13 level 1 facing 2",
    "R_large-dev_167 placeholder-industrial-1 @-6,-13 level 1 facing 0",
    "R_large-dev_111 placeholder-modern-1 @-6,-6 level 1 facing 0",
    "R_large-dev_262 placeholder-modern-2 @-13,-7 level 2 facing 1",
    "R_large-dev_205 placeholder-industrial-2 @-4,-13 level 1 facing 2",
    "R_large-dev_239 placeholder-industrial-1 @3,-13 level 2 facing 0 abandoned",
    "R_large-dev_240 placeholder-residential-1 @3,-6 level 1 facing 1",
    "R_large-dev_318 placeholder-modern-2 @-4,-7 level 2 facing 2",
    "R_large-dev_085 placeholder-industrial-1 @5,-13 level 1 facing 2",
    "R_large-dev_284 placeholder-brick-1 @12,-13 level 1 facing 3 annex",
    "R_large-dev_215 placeholder-brick-1 @12,-6 level 1 facing 0",
    "R_large-dev_316 placeholder-modern-1 @5,-6 level 2 facing 2",
    "R_large-dev_071 placeholder-brick-3 @5,-4 level 1 facing 3",
    "R_large-dev_053 placeholder-industrial-1 @12,-4 level 2 facing 0",
    "R_large-dev_207 placeholder-modern-2 @11,2 level 2 facing 0",
    "R_large-dev_241 placeholder-brick-2 @5,2 level 1 facing 2",
    "R_large-dev_223 placeholder-modern-2 @5,5 level 1 facing 3",
    "R_large-dev_112 placeholder-modern-1 @12,5 level 1 facing 3",
    "R_large-dev_009 placeholder-brick-1 @12,12 level 1 facing 1 abandoned",
    "R_large-dev_279 placeholder-modern-1 @5,12 level 1 facing 2",
    "R_large-dev_011 placeholder-modern-1 @-4,5 level 2 facing 2 annex",
    "R_large-dev_291 placeholder-modern-1 @3,5 level 1 facing 3",
    "R_large-dev_198 placeholder-industrial-1 @3,12 level 3 facing 1 annex",
    "R_large-dev_064 placeholder-industrial-1 @-4,12 level 1 facing 2 abandoned annex",
    "R_large-dev_153 placeholder-modern-1 @-13,5 level 1 facing 2",
    "R_large-dev_132 placeholder-residential-1 @-6,5 level 1 facing 3",
    "R_large-dev_308 placeholder-modern-1 @-6,12 level 1 facing 1",
    "R_large-dev_109 placeholder-brick-1 @-13,12 level 2 facing 1 abandoned annex",
    "R_large-dev_269 placeholder-modern-1 @-13,-4 level 2 facing 2 annex",
    "R_large-dev_292 placeholder-brick-1 @-6,-4 level 3 facing 3",
    "R_large-dev_283 placeholder-modern-1 @-6,3 level 2 facing 0",
    "R_large-dev_066 placeholder-industrial-1 @-13,3 level 1 facing 2",
    "R_large-dev_076 placeholder-residential-1 @-22,-22 level 1 facing 2",
    "R_large-dev_202 placeholder-modern-4 @-18,-22 level 3 facing 0",
    "R_large-dev_028 placeholder-industrial-1 @-15,-15 level 2 facing 1 abandoned",
    "R_large-dev_250 placeholder-industrial-1 @-22,-15 level 3 facing 1",
    "R_large-dev_188 placeholder-industrial-1 @-13,-22 level 2 facing 3 annex",
    "R_large-dev_139 placeholder-industrial-1 @-6,-22 level 2 facing 0 abandoned",
    "R_large-dev_179 placeholder-modern-1 @-6,-15 level 3 facing 1",
    "R_large-dev_096 placeholder-modern-1 @-13,-15 level 1 facing 2 annex",
    "R_large-dev_135 placeholder-brick-1 @-4,-22 level 1 facing 3 annex",
    "R_large-dev_049 placeholder-industrial-1 @3,-22 level 1 facing 3",
    "R_large-dev_298 placeholder-modern-1 @3,-15 level 1 facing 1 abandoned",
    "R_large-dev_159 placeholder-modern-1 @-4,-15 level 2 facing 2",
    "R_large-dev_125 placeholder-industrial-2 @5,-22 level 2 facing 3",
    "R_large-dev_319 placeholder-industrial-2 @11,-22 level 3 facing 3",
    "R_large-dev_293 placeholder-brick-1 @12,-15 level 1 facing 0",
    "R_large-dev_256 placeholder-modern-2 @5,-16 level 1 facing 1",
    "R_large-dev_320 placeholder-brick-4 @14,-22 level 1 facing 3",
    "R_large-dev_019 placeholder-industrial-2 @20,-22 level 1 facing 0",
    "R_large-dev_114 placeholder-brick-1 @21,-15 level 3 facing 0",
    "R_large-dev_058 placeholder-modern-2 @14,-16 level 1 facing 2",
    "R_large-dev_160 placeholder-brick-2 @14,-13 level 2 facing 3 annex",
    "R_large-dev_131 placeholder-industrial-3 @19,-13 level 1 facing 0",
    "R_large-dev_274 placeholder-civic-2 @20,-7 level 2 facing 1",
    "R_large-dev_294 placeholder-modern-4 @14,-9 level 2 facing 1",
    "R_large-dev_171 placeholder-industrial-1 @14,-4 level 3 facing 3",
    "R_large-dev_136 placeholder-modern-1 @21,-4 level 2 facing 0 annex",
    "R_large-dev_288 placeholder-modern-2 @20,2 level 1 facing 0",
    "R_large-dev_013 placeholder-brick-1 @14,3 level 1 facing 1",
    "R_large-dev_120 placeholder-residential-1 @14,5 level 2 facing 2",
    "R_large-dev_184 placeholder-brick-2 @20,5 level 1 facing 3",
    "R_large-dev_310 placeholder-modern-1 @21,12 level 2 facing 1",
    "R_large-dev_095 placeholder-industrial-3 @14,10 level 3 facing 1",
    "R_large-dev_046 placeholder-modern-1 @14,14 level 3 facing 3",
    "R_large-dev_099 placeholder-industrial-1 @21,14 level 3 facing 3",
    "R_large-dev_070 placeholder-residential-1 @21,21 level 2 facing 0",
    "R_large-dev_313 placeholder-residential-2 @14,20 level 1 facing 1",
    "R_large-dev_025 placeholder-industrial-1 @5,14 level 1 facing 3 abandoned",
    "R_large-dev_162 placeholder-modern-2 @11,14 level 1 facing 3",
    "R_large-dev_050 placeholder-brick-1 @12,21 level 1 facing 0",
    "R_large-dev_228 placeholder-modern-2 @5,20 level 1 facing 2",
    "R_large-dev_140 placeholder-modern-2 @-4,14 level 1 facing 3",
    "R_large-dev_014 placeholder-industrial-1 @3,14 level 1 facing 3",
    "R_large-dev_193 placeholder-brick-2 @2,20 level 1 facing 0",
    "R_large-dev_101 placeholder-brick-1 @-4,21 level 3 facing 1",
    "R_large-dev_039 placeholder-industrial-2 @-13,14 level 1 facing 2 annex",
    "R_large-dev_040 placeholder-industrial-1 @-6,14 level 1 facing 3",
    "R_large-dev_267 placeholder-brick-2 @-7,20 level 1 facing 0",
    "R_large-dev_311 placeholder-industrial-1 @-13,21 level 2 facing 2 annex",
    "R_large-dev_065 placeholder-brick-1 @-22,14 level 1 facing 2",
    "R_large-dev_032 placeholder-modern-1 @-15,14 level 1 facing 0",
    "R_large-dev_068 placeholder-brick-1 @-15,21 level 1 facing 0",
    "R_large-dev_156 placeholder-brick-1 @-22,21 level 3 facing 1",
    "R_large-dev_261 placeholder-brick-1 @-22,5 level 2 facing 2",
    "R_large-dev_098 placeholder-modern-2 @-16,5 level 2 facing 0",
    "R_large-dev_080 placeholder-brick-1 @-15,12 level 1 facing 1",
    "R_large-dev_165 placeholder-industrial-1 @-22,12 level 1 facing 2 abandoned annex",
    "R_large-dev_115 placeholder-modern-1 @-22,-4 level 1 facing 2",
    "R_large-dev_166 placeholder-industrial-1 @-15,-4 level 3 facing 3 annex",
    "R_large-dev_242 placeholder-industrial-1 @-15,3 level 1 facing 0 annex",
    "R_large-dev_233 placeholder-brick-2 @-22,2 level 3 facing 1",
    "R_large-dev_107 placeholder-modern-1 @-22,-13 level 1 facing 3",
    "R_large-dev_186 placeholder-modern-1 @-15,-13 level 3 facing 0",
    "R_large-dev_297 placeholder-modern-1 @-15,-6 level 2 facing 1",
    "R_large-dev_270 placeholder-modern-2 @-22,-7 level 2 facing 2",
    "R_large-dev_005 placeholder-brick-1 @-31,-31 level 2 facing 3 abandoned",
    "R_large-dev_106 placeholder-modern-1 @-24,-31 level 1 facing 0 annex",
    "R_large-dev_282 placeholder-modern-1 @-24,-24 level 1 facing 1 annex",
    "R_large-dev_048 placeholder-industrial-1 @-31,-24 level 1 facing 1",
    "R_large-dev_204 placeholder-brick-2 @-22,-31 level 1 facing 3",
    "R_large-dev_194 placeholder-industrial-1 @-15,-31 level 2 facing 3 annex",
    "R_large-dev_113 placeholder-industrial-1 @-15,-24 level 3 facing 1",
    "R_large-dev_185 placeholder-industrial-1 @-22,-24 level 1 facing 1",
    "R_large-dev_309 placeholder-residential-1 @-13,-31 level 1 facing 3 annex",
    "R_large-dev_272 placeholder-brick-1 @-6,-31 level 1 facing 0",
    "R_large-dev_130 placeholder-industrial-2 @-7,-25 level 1 facing 0",
    "R_large-dev_243 placeholder-residential-1 @-13,-24 level 1 facing 1",
    "R_large-dev_206 placeholder-industrial-2 @-4,-31 level 1 facing 2",
    "R_large-dev_169 placeholder-industrial-2 @2,-31 level 2 facing 3",
    "R_large-dev_042 placeholder-brick-1 @3,-24 level 1 facing 1 annex",
    "R_large-dev_069 placeholder-residential-2 @-4,-25 level 3 facing 1",
    "R_large-dev_030 placeholder-brick-2 @5,-31 level 1 facing 2",
    "R_large-dev_003 placeholder-brick-1 @12,-31 level 1 facing 0",
    "R_large-dev_033 placeholder-brick-2 @11,-25 level 3 facing 0",
    "R_large-dev_128 placeholder-brick-1 @5,-24 level 2 facing 1",
    "R_large-dev_034 placeholder-brick-1 @14,-31 level 1 facing 3",
    "R_large-dev_246 placeholder-modern-1 @21,-31 level 2 facing 0 abandoned annex",
    "R_large-dev_057 placeholder-modern-2 @20,-25 level 2 facing 1",
    "R_large-dev_123 placeholder-industrial-1 @14,-24 level 1 facing 1 abandoned",
    "R_large-dev_307 placeholder-residential-3 @23,-31 level 2 facing 2",
    "R_large-dev_182 placeholder-industrial-1 @30,-31 level 3 facing 3",
    "R_large-dev_022 placeholder-modern-1 @30,-24 level 2 facing 1",
    "R_large-dev_090 placeholder-modern-1 @23,-24 level 3 facing 2 annex",
    "R_large-dev_151 placeholder-brick-2 @23,-22 level 1 facing 3 abandoned",
    "R_large-dev_012 placeholder-brick-1 @30,-22 level 1 facing 0",
    "R_large-dev_018 placeholder-modern-1 @30,-15 level 2 facing 0",
    "R_large-dev_126 placeholder-modern-3 @23,-17 level 1 facing 2",
    "R_large-dev_227 placeholder-industrial-1 @23,-13 level 2 facing 2",
    "R_large-dev_001 placeholder-industrial-1 @30,-13 level 1 facing 3 annex",
    "R_large-dev_253 placeholder-brick-2 @29,-7 level 2 facing 1",
    "R_large-dev_178 placeholder-residential-2 @23,-7 level 1 facing 2",
    "R_large-dev_148 placeholder-industrial-1 @23,-4 level 2 facing 3",
    "R_large-dev_226 placeholder-industrial-1 @30,-4 level 1 facing 3",
    "R_large-dev_180 placeholder-brick-1 @30,3 level 1 facing 0",
    "R_large-dev_089 placeholder-industrial-1 @23,3 level 2 facing 2 annex",
    "R_large-dev_234 placeholder-brick-1 @23,5 level 2 facing 2",
    "R_large-dev_199 placeholder-brick-2 @29,5 level 2 facing 0",
    "R_large-dev_074 placeholder-brick-1 @30,12 level 2 facing 0",
    "R_large-dev_314 placeholder-industrial-1 @23,12 level 3 facing 1",
    "R_large-dev_296 placeholder-modern-1 @23,14 level 2 facing 3",
    "R_large-dev_052 placeholder-modern-1 @30,14 level 1 facing 3",
    "R_large-dev_116 placeholder-modern-3 @28,19 level 1 facing 1",
    "R_large-dev_119 placeholder-modern-1 @23,21 level 2 facing 2",
    "R_large-dev_084 placeholder-brick-1 @23,23 level 1 facing 2",
    "R_large-dev_276 placeholder-industrial-2 @29,23 level 1 facing 0",
    "R_large-dev_183 placeholder-residential-1 @30,30 level 2 facing 0",
    "R_large-dev_225 placeholder-brick-2 @23,29 level 2 facing 2 abandoned",
    "R_large-dev_177 placeholder-industrial-2 @14,23 level 1 facing 2",
    "R_large-dev_141 placeholder-modern-2 @20,23 level 3 facing 0",
    "R_large-dev_235 placeholder-modern-2 @20,29 level 1 facing 0",
    "R_large-dev_275 placeholder-modern-1 @14,30 level 2 facing 1",
    "R_large-dev_249 placeholder-industrial-1 @5,23 level 2 facing 2",
    "R_large-dev_051 placeholder-brick-2 @11,23 level 2 facing 3",
    "R_large-dev_248 placeholder-modern-1 @12,30 level 1 facing 0 annex",
    "R_large-dev_231 placeholder-modern-1 @5,30 level 1 facing 2",
    "R_large-dev_212 placeholder-residential-1 @-4,23 level 2 facing 3",
    "R_large-dev_247 placeholder-brick-2 @2,23 level 1 facing 0",
    "R_large-dev_191 placeholder-modern-1 @3,30 level 1 facing 1",
    "R_large-dev_172 placeholder-modern-1 @-4,30 level 2 facing 2 abandoned annex",
    "R_large-dev_286 placeholder-industrial-2 @-13,23 level 2 facing 2",
    "R_large-dev_108 placeholder-brick-1 @-6,23 level 1 facing 0",
    "R_large-dev_301 placeholder-industrial-1 @-6,30 level 2 facing 0",
    "R_large-dev_021 placeholder-residential-1 @-13,30 level 2 facing 2",
    "R_large-dev_105 placeholder-brick-1 @-22,23 level 3 facing 2 annex",
    "R_large-dev_211 placeholder-modern-1 @-15,23 level 2 facing 3",
    "R_large-dev_133 placeholder-industrial-1 @-15,30 level 1 facing 0 annex",
    "R_large-dev_036 placeholder-industrial-3 @-22,28 level 2 facing 1",
    "R_large-dev_047 placeholder-modern-1 @-31,23 level 2 facing 3",
    "R_large-dev_086 placeholder-modern-1 @-24,23 level 3 facing 0",
    "R_large-dev_176 placeholder-modern-1 @-24,30 level 1 facing 0",
    "R_large-dev_092 placeholder-brick-1 @-31,30 level 1 facing 1 abandoned annex",
    "R_large-dev_088 placeholder-modern-1 @-31,14 level 3 facing 3",
    "R_large-dev_244 placeholder-modern-1 @-24,14 level 3 facing 3",
    "R_large-dev_004 placeholder-brick-1 @-24,21 level 1 facing 0",
    "R_large-dev_219 placeholder-residential-1 @-31,21 level 2 facing 2",
    "R_large-dev_285 placeholder-brick-1 @-31,5 level 2 facing 2",
    "R_large-dev_063 placeholder-brick-2 @-25,5 level 1 facing 0",
    "R_large-dev_015 placeholder-brick-4 @-27,9 level 1 facing 1",
    "R_large-dev_255 placeholder-brick-2 @-31,11 level 1 facing 1",
    "R_large-dev_145 placeholder-industrial-1 @-31,-4 level 2 facing 3",
    "R_large-dev_302 placeholder-residential-1 @-24,-4 level 2 facing 3",
    "R_large-dev_081 placeholder-brick-1 @-24,3 level 1 facing 0",
    "R_large-dev_146 placeholder-brick-1 @-31,3 level 1 facing 1 annex",
    "R_large-dev_201 placeholder-modern-2 @-31,-13 level 1 facing 2",
    "R_large-dev_017 placeholder-modern-2 @-25,-13 level 1 facing 3",
    "R_large-dev_163 placeholder-brick-1 @-24,-6 level 2 facing 1",
    "R_large-dev_257 placeholder-brick-2 @-31,-7 level 2 facing 2",
    "R_large-dev_010 placeholder-modern-2 @-31,-22 level 1 facing 2",
    "R_large-dev_238 placeholder-brick-1 @-24,-22 level 2 facing 3 annex",
    "R_large-dev_062 placeholder-modern-1 @-24,-15 level 2 facing 0",
    "R_large-dev_045 placeholder-modern-1 @-31,-15 level 1 facing 2",
    "R_large-dev_097 placeholder-brick-1 @-40,-40 level 2 facing 3",
    "R_large-dev_122 placeholder-modern-1 @-33,-40 level 3 facing 0",
    "R_large-dev_091 placeholder-modern-1 @-33,-33 level 1 facing 1",
    "R_large-dev_161 placeholder-modern-1 @-40,-33 level 3 facing 1",
    "R_large-dev_224 placeholder-industrial-1 @-31,-40 level 3 facing 3",
    "R_large-dev_290 placeholder-modern-1 @-24,-40 level 1 facing 0",
    "R_large-dev_210 placeholder-modern-2 @-25,-34 level 1 facing 0",
    "R_large-dev_174 placeholder-modern-3 @-31,-35 level 1 facing 2",
    "R_large-dev_271 placeholder-modern-1 @-22,-40 level 1 facing 3 annex",
    "R_large-dev_059 placeholder-modern-2 @-16,-40 level 2 facing 0",
    "R_large-dev_264 placeholder-industrial-1 @-15,-33 level 1 facing 0",
    "R_large-dev_041 placeholder-modern-3 @-22,-35 level 2 facing 1",
    "R_large-dev_082 placeholder-residential-2 @-13,-40 level 2 facing 2",
    "R_large-dev_218 placeholder-modern-1 @-6,-40 level 2 facing 3",
    "R_large-dev_260 placeholder-brick-3 @-8,-35 level 1 facing 0",
    "R_large-dev_230 placeholder-industrial-1 @-13,-33 level 2 facing 2 annex",
    "R_large-dev_075 placeholder-modern-3 @-4,-40 level 2 facing 3",
    "R_large-dev_217 placeholder-brick-1 @3,-40 level 1 facing 0",
    "R_large-dev_306 placeholder-brick-2 @2,-34 level 1 facing 0",
    "R_large-dev_147 placeholder-industrial-1 @-4,-33 level 1 facing 2",
    "R_large-dev_200 placeholder-brick-1 @5,-40 level 1 facing 3 annex",
    "R_large-dev_035 placeholder-brick-1 @12,-40 level 1 facing 3",
    "R_large-dev_214 placeholder-industrial-1 @12,-33 level 1 facing 0",
    "R_large-dev_121 placeholder-residential-1 @5,-33 level 1 facing 1",
    "R_large-dev_038 placeholder-modern-1 @14,-40 level 1 facing 3",
    "R_large-dev_078 placeholder-modern-1 @21,-40 level 1 facing 0 abandoned annex",
    "R_large-dev_216 placeholder-residential-1 @21,-33 level 1 facing 0",
    "R_large-dev_305 placeholder-modern-2 @14,-34 level 1 facing 1",
    "R_large-dev_170 placeholder-industrial-1 @23,-40 level 3 facing 3",
    "R_large-dev_189 placeholder-brick-2 @29,-40 level 1 facing 0",
    "R_large-dev_266 placeholder-modern-2 @29,-34 level 1 facing 0",
    "R_large-dev_023 placeholder-modern-1 @23,-33 level 1 facing 1",
    "R_large-dev_067 placeholder-brick-3 @32,-40 level 1 facing 2",
    "R_large-dev_144 placeholder-brick-1 @39,-40 level 1 facing 0",
    "R_large-dev_196 placeholder-brick-1 @39,-33 level 2 facing 1 annex",
    "R_large-dev_300 placeholder-industrial-1 @32,-33 level 2 facing 1 annex",
    "R_large-dev_299 placeholder-modern-2 @32,-31 level 1 facing 3",
    "R_large-dev_251 placeholder-modern-1 @39,-31 level 1 facing 0",
    "R_large-dev_026 placeholder-brick-1 @39,-24 level 1 facing 1",
    "R_large-dev_007 placeholder-civic-1 @32,-24 level 2 facing 2",
    "R_large-dev_024 placeholder-brick-1 @32,-22 level 2 facing 3",
    "R_large-dev_094 placeholder-industrial-1 @39,-22 level 3 facing 3 annex",
    "R_large-dev_103 placeholder-brick-2 @38,-16 level 1 facing 0",
    "R_large-dev_104 placeholder-modern-2 @32,-16 level 1 facing 1",
    "R_large-dev_197 placeholder-industrial-1 @32,-13 level 2 facing 2",
    "R_large-dev_043 placeholder-brick-1 @39,-13 level 1 facing 0",
    "R_large-dev_158 placeholder-residential-1 @39,-6 level 1 facing 1",
    "R_large-dev_277 placeholder-industrial-2 @32,-7 level 1 facing 2",
    "R_large-dev_273 placeholder-industrial-1 @32,-4 level 1 facing 2",
    "R_large-dev_303 placeholder-brick-1 @39,-4 level 1 facing 0",
    "R_large-dev_265 placeholder-industrial-1 @39,3 level 3 facing 0",
    "R_large-dev_060 placeholder-brick-1 @32,3 level 1 facing 1",
    "R_large-dev_031 placeholder-brick-2 @32,5 level 3 facing 3",
    "R_large-dev_087 placeholder-civic-1 @39,5 level 2 facing 3",
    "R_large-dev_138 placeholder-industrial-1 @39,12 level 1 facing 0 annex",
    "R_large-dev_137 placeholder-modern-1 @32,12 level 1 facing 2",
    "R_large-dev_008 placeholder-brick-3 @32,14 level 1 facing 3",
    "R_large-dev_129 placeholder-modern-3 @37,14 level 2 facing 0",
    "R_large-dev_245 placeholder-brick-2 @38,20 level 1 facing 0",
    "R_large-dev_209 placeholder-industrial-1 @32,21 level 3 facing 2 annex",
    "R_large-dev_072 placeholder-brick-2 @32,23 level 1 facing 3",
    "R_large-dev_312 placeholder-brick-1 @39,23 level 1 facing 3",
    "R_large-dev_054 placeholder-industrial-1 @39,30 level 3 facing 1 annex",
    "R_large-dev_195 placeholder-industrial-1 @32,30 level 1 facing 2",
    "R_large-dev_056 placeholder-industrial-1 @32,32 level 1 facing 3",
    "R_large-dev_100 placeholder-brick-1 @39,32 level 1 facing 3",
    "R_large-dev_027 placeholder-residential-2 @38,38 level 3 facing 1",
    "R_large-dev_020 placeholder-modern-2 @32,38 level 3 facing 2 abandoned",
    "R_large-dev_079 placeholder-brick-1 @23,32 level 1 facing 2",
    "R_large-dev_037 placeholder-residential-2 @29,32 level 1 facing 0",
    "R_large-dev_280 placeholder-residential-2 @29,38 level 2 facing 1",
    "R_large-dev_142 placeholder-modern-4 @23,36 level 3 facing 1",
    "R_large-dev_102 placeholder-brick-1 @14,32 level 1 facing 3 annex",
    "R_large-dev_150 placeholder-brick-1 @21,32 level 1 facing 0",
    "R_large-dev_187 placeholder-residential-1 @21,39 level 1 facing 1",
    "R_large-dev_127 placeholder-residential-1 @14,39 level 1 facing 2",
    "R_large-dev_006 placeholder-brick-1 @5,32 level 2 facing 2",
    "R_large-dev_278 placeholder-industrial-1 @12,32 level 1 facing 3 abandoned",
    "R_large-dev_016 placeholder-brick-2 @11,38 level 2 facing 1",
    "R_large-dev_155 placeholder-industrial-1 @5,39 level 2 facing 2 annex",
    "R_large-dev_259 placeholder-modern-2 @-4,32 level 2 facing 2",
    "R_large-dev_222 placeholder-residential-1 @3,32 level 2 facing 0",
    "R_large-dev_154 placeholder-brick-3 @1,37 level 2 facing 1",
    "R_large-dev_002 placeholder-modern-1 @-4,39 level 3 facing 1",
    "R_large-dev_181 placeholder-modern-3 @-13,32 level 2 facing 2",
    "R_large-dev_124 placeholder-modern-2 @-7,32 level 1 facing 3",
    "R_large-dev_110 placeholder-residential-1 @-6,39 level 2 facing 1",
    "R_large-dev_073 placeholder-industrial-1 @-13,39 level 2 facing 2",
    "R_large-dev_208 placeholder-modern-1 @-22,32 level 1 facing 2",
    "R_large-dev_315 placeholder-brick-1 @-15,32 level 1 facing 3",
    "R_large-dev_268 placeholder-industrial-2 @-16,38 level 2 facing 1",
    "R_large-dev_236 placeholder-brick-2 @-22,38 level 3 facing 2",
    "R_large-dev_295 placeholder-residential-1 @-31,32 level 1 facing 3",
    "R_large-dev_083 placeholder-industrial-1 @-24,32 level 2 facing 3",
    "R_large-dev_229 placeholder-brick-2 @-25,38 level 2 facing 0",
    "R_large-dev_281 placeholder-brick-1 @-31,39 level 1 facing 1",
    "R_large-dev_093 placeholder-modern-2 @-40,32 level 2 facing 3",
    "R_large-dev_192 placeholder-brick-2 @-34,32 level 1 facing 3",
    "R_large-dev_254 placeholder-residential-1 @-33,39 level 1 facing 1 abandoned",
    "R_large-dev_077 placeholder-industrial-3 @-40,37 level 1 facing 1",
    "R_large-dev_213 placeholder-modern-2 @-40,23 level 3 facing 3",
    "R_large-dev_258 placeholder-modern-1 @-33,23 level 3 facing 0",
    "R_large-dev_190 placeholder-modern-2 @-34,29 level 2 facing 1 abandoned",
    "R_large-dev_221 placeholder-industrial-2 @-40,29 level 1 facing 2",
    "R_large-dev_029 placeholder-brick-1 @-40,14 level 2 facing 2 abandoned annex",
    "R_large-dev_134 placeholder-modern-3 @-35,14 level 2 facing 3",
    "R_large-dev_044 placeholder-industrial-2 @-34,20 level 1 facing 0",
    "R_large-dev_149 placeholder-brick-2 @-40,20 level 2 facing 1",
    "R_large-dev_143 placeholder-modern-1 @-40,5 level 3 facing 2",
    "R_large-dev_220 placeholder-modern-1 @-33,5 level 2 facing 3",
    "R_large-dev_232 placeholder-brick-1 @-33,12 level 3 facing 1 annex",
    "R_large-dev_203 placeholder-brick-1 @-40,12 level 1 facing 2",
    "R_large-dev_055 placeholder-brick-1 @-40,-4 level 1 facing 2",
    "R_large-dev_304 placeholder-modern-3 @-35,-4 level 1 facing 3 annex",
    "R_large-dev_152 placeholder-brick-1 @-33,3 level 1 facing 1",
    "R_large-dev_237 placeholder-industrial-1 @-40,3 level 2 facing 1",
    "R_large-dev_168 placeholder-industrial-1 @-40,-13 level 2 facing 3 annex",
    "R_large-dev_317 placeholder-brick-1 @-33,-13 level 3 facing 3",
    "R_large-dev_117 placeholder-brick-1 @-33,-6 level 2 facing 0",
    "R_large-dev_289 placeholder-brick-1 @-40,-6 level 1 facing 1",
    "R_large-dev_164 placeholder-brick-1 @-40,-22 level 1 facing 3",
    "R_large-dev_287 placeholder-residential-2 @-34,-22 level 2 facing 3",
    "R_large-dev_061 placeholder-residential-3 @-35,-17 level 1 facing 1",
    "R_large-dev_157 placeholder-industrial-1 @-40,-15 level 1 facing 1",
  ],
  "catalogVersion": "14dc3468a4d398",
  "counts": {
    "buildings": 320,
    "decorations": 1405,
    "dirt": 368,
    "ground": 7396,
    "roads": 1532,
  },
  "digest": "689f05cd80bee",
  "generatorVersion": 2,
}
`;

exports[`generateCity > is deterministic and matches its snapshot (medium) 1`] = `
{
  "bounds": {
    "maxX": 15,
    "maxY": 15,
    "minX": -16,
    "minY": -16,
  },
  "buildings": [
    "R_medium-dev_015 placeholder-brick-2 @-4,-4 level 1 facing 3",
    "R_medium-dev_019 placeholder-civic-1 @3,-4 level 1 facing 0",
    "R_medium-dev_010 placeholder-industrial-1 @3,3 level 2 facing 0",
    "R_medium-dev_028 placeholder-industrial-1 @-4,3 level 1 facing 2",
    "R_medium-dev_025 placeholder-industrial-1 @-13,-13 level 1 facing 2",
    "R_medium-dev_002 placeholder-industrial-2 @-7,-13 level 1 facing 0 annex",
    "R_medium-dev_026 placeholder-modern-1 @-6,-6 level 1 facing 1",
    "R_medium-dev_011 placeholder-industrial-2 @-13,-7 level 1 facing 1",
    "R_medium-dev_007 placeholder-industrial-1 @-4,-13 level 1 facing 3",
    "R_medium-dev_001 placeholder-brick-2 @2,-13 level 2 facing 0",
    "R_medium-dev_013 placeholder-modern-1 @3,-6 level 1 facing 1",
    "R_medium-dev_024 placeholder-industrial-1 @-4,-6 level 1 facing 2",
    "R_medium-dev_021 placeholder-industrial-1 @5,-13 level 1 facing 2 annex",
    "R_medium-dev_023 placeholder-brick-1 @12,-13 level 2 facing 3 annex",
    "R_medium-dev_016 placeholder-brick-1 @12,-6 level 1 facing 1",
    "R_medium-dev_018 placeholder-modern-2 @5,-7 level 1 facing 2",
    "R_medium-dev_012 placeholder-brick-1 @5,-4 level 3 facing 2 annex",
    "R_medium-dev_017 placeholder-brick-1 @12,-4 level 1 facing 3",
    "R_medium-dev_020 placeholder-brick-2 @11,2 level 2 facing 0",
    "R_medium-dev_009 placeholder-brick-1 @5,3 level 1 facing 2",
    "R_medium-dev_005 placeholder-residential-1 @5,5 level 2 facing 3",
    "R_medium-dev_014 placeholder-industrial-2 @11,5 level 2 facing 3",
    "R_medium-dev_022 placeholder-modern-2 @11,11 level 1 facing 1",
    "R_medium-dev_030 placeholder-civic-3 @5,10 level 2 facing 2 annex",
    "R_medium-dev_027 placeholder-industrial-1 @-4,5 level 2 facing 2 annex",
    "R_medium-dev_006 placeholder-modern-2 @2,5 level 1 facing 3",
    "R_medium-dev_004 placeholder-brick-2 @2,11 level 3 facing 0 abandoned",
    "R_medium-dev_003 placeholder-residential-1 @-4,12 level 1 facing 1 abandoned",
    "R_medium-dev_008 placeholder-industrial-2 @-13,5 level 2 facing 3",
    "R_medium-dev_029 placeholder-industrial-2 @-7,5 level 1 facing 0",
  ],
  "catalogVersion": "14dc3468a4d398",
  "counts": {
    "buildings": 30,
    "decorations": 129,
    "dirt": 32,
    "ground": 1024,
    "roads": 200,
  },
  "digest": "11d151505608f2",
  "generatorVersion": 2,
}
`;

exports[`generateCity > is deterministic and matches its snapshot (tiny) 1`] = `
{
  "bounds": {
    "maxX": 6,
    "maxY": 6,
    "minX": -7,
    "minY": -7,
  },
  "buildings": [
    "R_tiny-dev_002 placeholder-brick-1 @-4,-4 level 1 facing 3",
    "R_tiny-dev_001 placeholder-brick-1 @3,-4 level 1 facing 3",
  ],
  "catalogVersion": "14dc3468a4d398",
  "counts": {
    "buildings": 2,
    "decorations": 30,
    "dirt": 0,
    "ground": 196,
    "roads": 36,
  },
  "digest": "751c78fbb1612",
  "generatorVersion": 2,
}
`;
