// Vitest Snapshot v1, https://vitest.dev/guide/snapshot.html

exports[`buildRenderList > matches the stored render list of the tiny city in all four orientations 1`] = `
[
  {
    "objects": [
      "decoration/house-blue/1 @0,-192",
      "decoration/tree/2 @16,-184",
      "decoration/house-red/2 @-32,-176",
      "decoration/bush/2 @0,-176",
      "decoration/house-yellow/0 @32,-176",
      "decoration/tree/1 @-48,-168",
      "decoration/tree/1 @-16,-168",
      "decoration/car/2 @16,-168",
      "decoration/car/1 @-64,-160",
      "decoration/bush/0 @-32,-160",
      "decoration/house-green/0 @0,-160",
      "decoration/house-red/2 @64,-160",
      "decoration/tree/2 @-48,-152",
      "decoration/tree/0 @16,-152",
      "decoration/car/1 @80,-152",
      "decoration/car/0 @-32,-144",
      "decoration/tree/1 @0,-144",
      "decoration/house-blue/2 @32,-144",
      "decoration/house-green/1 @96,-144",
      "decoration/bush/0 @-112,-136",
      "decoration/house-red/2 @-80,-136",
      "decoration/house-blue/1 @-16,-136",
      "decoration/tree/1 @16,-136",
      "decoration/car/1 @48,-136",
      "decoration/tree/0 @80,-136",
      "decoration/tree/1 @112,-136",
      "decoration/flowers/1 @-96,-128",
      "decoration/flowers/0 @-64,-128",
      "decoration/bush/0 @-32,-128",
      "decoration/tree/1 @0,-128",
      "decoration/car/1 @32,-128",
      "decoration/house-yellow/1 @64,-128",
      "decoration/flowers/0 @96,-128",
      "decoration/tree/1 @-144,-120",
      "decoration/house-red/1 @-48,-120",
      "decoration/tree/2 @-16,-120",
      "decoration/house-yellow/1 @16,-120",
      "decoration/tree/1 @80,-120",
      "decoration/lamp/0 @144,-120",
      "decoration/tree/0 @-160,-112",
      "decoration/house-yellow/2 @-128,-112",
      "decoration/tree/0 @32,-112",
      "decoration/flowers/2 @128,-112",
      "decoration/flowers/2 @160,-112",
      "decoration/tree/2 @-176,-104",
      "decoration/car/1 @-144,-104",
      "decoration/car/2 @-48,-104",
      "decoration/house-yellow/2 @-16,-104",
      "decoration/house-green/2 @48,-104",
      "decoration/flowers/1 @112,-104",
      "decoration/fountain/2 @144,-104",
      "decoration/bench/0 @176,-104",
      "decoration/tree/2 @-192,-96",
      "decoration/house-yellow/2 @-160,-96",
      "decoration/car/2 @-128,-96",
      "decoration/house-red/2 @-96,-96",
      "decoration/tree/1 @-32,-96",
      "decoration/bush/2 @0,-96",
      "decoration/tree/2 @32,-96",
      "decoration/lamp/0 @96,-96",
      "decoration/lamp/0 @192,-96",
      "decoration/tree/1 @-208,-88",
      "decoration/tree/2 @-176,-88",
      "decoration/tree/0 @-144,-88",
      "decoration/car/2 @-112,-88",
      "decoration/tree/2 @-80,-88",
      "decoration/house-blue/2 @16,-88",
      "decoration/lamp/0 @80,-88",
      "decoration/bench/0 @112,-88",
      "decoration/flowers/0 @176,-88",
      "decoration/tree/0 @208,-88",
      "decoration/flowers/0 @-224,-80",
      "decoration/house-green/0 @-192,-80",
      "decoration/car/1 @-160,-80",
      "decoration/house-red/1 @-128,-80",
      "decoration/tree/2 @-96,-80",
      "decoration/bush/1 @-64,-80",
      "decoration/flowers/0 @64,-80",
      "decoration/flowers/1 @96,-80",
      "decoration/flowers/2 @128,-80",
      "decoration/flowers/1 @160,-80",
      "decoration/tree/2 @192,-80",
      "decoration/car/1 @224,-80",
      "decoration/tree/1 @-240,-72",
      "decoration/bush/0 @-208,-72",
      "decoration/flowers/2 @-112,-72",
      "decoration/flowers/0 @-80,-72",
      "decoration/tree/1 @-48,-72",
      "decoration/flowers/1 @48,-72",
      "decoration/fountain/2 @80,-72",
      "decoration/flowers/0 @112,-72",
      "decoration/lamp/0 @144,-72",
      "decoration/tree/2 @208,-72",
      "decoration/tree/0 @-256,-64",
      "decoration/house-green/1 @-224,-64",
      "decoration/flowers/1 @-192,-64",
      "decoration/tree/0 @-160,-64",
      "decoration/tree/2 @-128,-64",
      "decoration/bench/0 @-96,-64",
      "decoration/tree/2 @-64,-64",
      "decoration/tree/1 @-32,-64",
      "decoration/lamp/0 @32,-64",
      "decoration/lamp/0 @128,-64",
      "decoration/house-green/0 @160,-64",
      "decoration/tree/1 @192,-64",
      "decoration/house-yellow/2 @224,-64",
      "decoration/tree/1 @256,-64",
      "decoration/tree/2 @-240,-56",
      "decoration/car/0 @-208,-56",
      "decoration/tree/1 @-176,-56",
      "decoration/tree/1 @-112,-56",
      "decoration/fountain/0 @-80,-56",
      "decoration/flowers/2 @-48,-56",
      "decoration/flowers/0 @48,-56",
      "decoration/bench/1 @112,-56",
      "decoration/flowers/2 @144,-56",
      "decoration/tree/0 @208,-56",
      "decoration/house-red/0 @-192,-48",
      "decoration/flowers/0 @-160,-48",
      "decoration/house-yellow/0 @-128,-48",
      "decoration/flowers/1 @-96,-48",
      "decoration/tree/0 @-64,-48",
      "building/placeholder-brick-1/view-3/default/level-1 @0,-48",
      "decoration/bench/0 @64,-48",
      "decoration/bench/1 @96,-48",
      "decoration/tree/1 @160,-48",
      "decoration/tree/0 @192,-48",
      "decoration/flowers/0 @224,-48",
      "decoration/tree/0 @288,-48",
      "decoration/house-yellow/2 @-304,-40",
      "decoration/car/1 @-144,-40",
      "decoration/bush/0 @-112,-40",
      "decoration/flowers/0 @-80,-40",
      "decoration/lamp/0 @80,-40",
      "decoration/house-yellow/2 @144,-40",
      "decoration/tree/0 @208,-40",
      "decoration/tree/2 @272,-40",
      "decoration/bush/2 @304,-40",
      "decoration/tree/0 @-256,-32",
      "decoration/house-red/0 @-160,-32",
      "decoration/house-red/0 @-96,-32",
      "decoration/tree/0 @160,-32",
      "decoration/tree/0 @192,-32",
      "decoration/house-yellow/1 @256,-32",
      "decoration/tree/1 @288,-32",
      "decoration/house-red/0 @320,-32",
      "decoration/house-green/0 @-336,-24",
      "decoration/tree/1 @-304,-24",
      "decoration/house-yellow/1 @-272,-24",
      "decoration/bush/2 @-240,-24",
      "decoration/tree/2 @-144,-24",
      "decoration/flowers/2 @-112,-24",
      "decoration/house-green/2 @112,-24",
      "decoration/tree/2 @176,-24",
      "decoration/bush/0 @240,-24",
      "decoration/bush/0 @-352,-16",
      "decoration/tree/1 @-320,-16",
      "decoration/flowers/0 @-288,-16",
      "decoration/car/0 @-256,-16",
      "decoration/bush/1 @-224,-16",
      "decoration/house-red/0 @-128,-16",
      "decoration/lamp/0 @-64,-16",
      "decoration/flowers/1 @32,-16",
      "decoration/car/1 @160,-16",
      "decoration/house-green/1 @288,-16",
      "decoration/bush/2 @352,-16",
      "decoration/house-red/2 @-368,-8",
      "decoration/house-blue/2 @-304,-8",
      "decoration/car/2 @-272,-8",
      "decoration/house-blue/2 @-240,-8",
      "decoration/bench/1 @-80,-8",
      "decoration/flowers/1 @-48,-8",
      "decoration/house-green/1 @48,-8",
      "decoration/house-red/2 @144,-8",
      "decoration/tree/0 @240,-8",
      "decoration/tree/0 @272,-8",
      "decoration/house-red/1 @336,-8",
      "decoration/tree/1 @368,-8",
      "decoration/car/0 @-320,0",
      "decoration/car/2 @-288,0",
      "decoration/car/2 @-256,0",
      "decoration/car/0 @-224,0",
      "decoration/flowers/0 @-96,0",
      "decoration/fountain/2 @-64,0",
      "decoration/flowers/2 @-32,0",
      "decoration/flowers/0 @32,0",
      "decoration/tree/1 @64,0",
      "decoration/tree/0 @192,0",
      "decoration/house-red/0 @224,0",
      "decoration/tree/2 @384,0",
      "decoration/house-green/2 @-400,8",
      "decoration/tree/0 @-368,8",
      "decoration/house-green/2 @-336,8",
      "decoration/house-blue/1 @-272,8",
      "decoration/tree/1 @-240,8",
      "decoration/house-yellow/1 @-208,8",
      "decoration/flowers/1 @-176,8",
      "decoration/lamp/0 @-112,8",
      "decoration/lamp/0 @-16,8",
      "building/placeholder-brick-1/view-3/default/level-1 @112,8",
      "decoration/bush/1 @176,8",
      "decoration/car/2 @208,8",
      "decoration/tree/1 @240,8",
      "decoration/house-blue/1 @304,8",
      "decoration/house-red/0 @368,8",
      "decoration/tree/2 @400,8",
      "decoration/flowers/0 @-384,16",
      "decoration/car/2 @-352,16",
      "decoration/tree/1 @-320,16",
      "decoration/car/1 @-192,16",
      "decoration/flowers/1 @-96,16",
      "decoration/bench/1 @-32,16",
      "decoration/tree/1 @0,16",
      "decoration/bush/0 @96,16",
      "decoration/house-green/1 @192,16",
      "decoration/tree/2 @224,16",
      "decoration/house-green/1 @256,16",
      "decoration/tree/1 @288,16",
      "decoration/tree/2 @-368,24",
      "decoration/tree/1 @-336,24",
      "decoration/bush/0 @-304,24",
      "decoration/flowers/1 @-272,24",
      "decoration/house-blue/1 @-240,24",
      "decoration/tree/2 @-208,24",
      "decoration/house-blue/0 @-144,24",
      "decoration/bench/0 @-80,24",
      "decoration/flowers/0 @-48,24",
      "decoration/flowers/1 @16,24",
      "decoration/tree/1 @48,24",
      "decoration/tree/0 @80,24",
      "decoration/house-red/2 @144,24",
      "decoration/bush/0 @208,24",
      "decoration/car/0 @240,24",
      "decoration/house-red/0 @272,24",
      "decoration/bush/2 @304,24",
      "decoration/house-yellow/1 @336,24",
      "decoration/bush/1 @-352,32",
      "decoration/house-green/2 @-288,32",
      "decoration/tree/2 @-256,32",
      "decoration/tree/1 @-224,32",
      "decoration/tree/2 @-128,32",
      "decoration/lamp/0 @-64,32",
      "decoration/flowers/0 @-32,32",
      "decoration/flowers/0 @32,32",
      "decoration/house-blue/1 @64,32",
      "decoration/car/0 @160,32",
      "decoration/house-green/0 @224,32",
      "decoration/tree/2 @320,32",
      "decoration/tree/1 @352,32",
      "decoration/bush/2 @-336,40",
      "decoration/bush/2 @-304,40",
      "decoration/flowers/2 @-272,40",
      "decoration/house-red/1 @-176,40",
      "decoration/tree/1 @-112,40",
      "decoration/tree/2 @-48,40",
      "decoration/tree/2 @48,40",
      "decoration/tree/1 @112,40",
      "decoration/tree/2 @144,40",
      "decoration/house-yellow/0 @176,40",
      "decoration/house-green/0 @240,40",
      "decoration/tree/2 @272,40",
      "decoration/house-yellow/0 @304,40",
      "decoration/tree/2 @-320,48",
      "decoration/tree/2 @-288,48",
      "decoration/house-yellow/2 @-256,48",
      "decoration/bush/0 @-192,48",
      "decoration/tree/0 @-160,48",
      "decoration/car/1 @-96,48",
      "decoration/bush/1 @-32,48",
      "decoration/flowers/2 @32,48",
      "decoration/car/1 @96,48",
      "decoration/bush/2 @128,48",
      "decoration/bush/2 @160,48",
      "decoration/flowers/0 @192,48",
      "decoration/tree/1 @288,48",
      "decoration/tree/0 @-304,56",
      "decoration/tree/2 @-272,56",
      "decoration/tree/2 @-208,56",
      "decoration/tree/2 @-176,56",
      "decoration/house-yellow/0 @-144,56",
      "decoration/tree/0 @-80,56",
      "decoration/bench/0 @-16,56",
      "decoration/house-red/2 @80,56",
      "decoration/bush/1 @112,56",
      "decoration/house-yellow/2 @144,56",
      "decoration/car/1 @176,56",
      "decoration/tree/0 @208,56",
      "decoration/house-green/1 @272,56",
      "decoration/house-red/1 @-288,64",
      "decoration/car/1 @-128,64",
      "decoration/tree/2 @-96,64",
      "decoration/bush/2 @-64,64",
      "decoration/tree/1 @0,64",
      "decoration/tree/0 @64,64",
      "decoration/car/1 @96,64",
      "decoration/car/2 @128,64",
      "decoration/car/2 @160,64",
      "decoration/house-yellow/2 @192,64",
      "decoration/bush/1 @224,64",
      "decoration/house-yellow/2 @-208,72",
      "decoration/flowers/2 @-176,72",
      "decoration/tree/0 @-144,72",
      "decoration/house-blue/2 @-80,72",
      "decoration/tree/1 @48,72",
      "decoration/house-yellow/0 @112,72",
      "decoration/car/0 @144,72",
      "decoration/bush/2 @176,72",
      "decoration/bush/1 @240,72",
      "decoration/tree/2 @-256,80",
      "decoration/car/0 @-224,80",
      "decoration/car/0 @-192,80",
      "decoration/tree/1 @-160,80",
      "decoration/bush/1 @-96,80",
      "decoration/flowers/1 @-64,80",
      "decoration/tree/2 @-32,80",
      "decoration/tree/1 @32,80",
      "decoration/car/0 @96,80",
      "decoration/tree/0 @128,80",
      "decoration/house-green/1 @160,80",
      "decoration/car/1 @192,80",
      "decoration/house-green/2 @224,80",
      "decoration/house-blue/2 @-240,88",
      "decoration/house-red/0 @-176,88",
      "decoration/flowers/0 @-144,88",
      "decoration/house-blue/0 @-112,88",
      "decoration/car/1 @-80,88",
      "decoration/house-red/1 @-48,88",
      "decoration/house-green/0 @80,88",
      "decoration/bush/1 @112,88",
      "decoration/flowers/1 @144,88",
      "decoration/tree/1 @208,88",
      "decoration/tree/0 @240,88",
      "decoration/tree/0 @-224,96",
      "decoration/tree/0 @-160,96",
      "decoration/bush/2 @-128,96",
      "decoration/tree/2 @0,96",
      "decoration/tree/1 @64,96",
      "decoration/tree/2 @96,96",
      "decoration/tree/0 @192,96",
      "decoration/bush/0 @224,96",
      "decoration/house-blue/1 @-208,104",
      "decoration/flowers/1 @-176,104",
      "decoration/bush/0 @-144,104",
      "decoration/flowers/1 @-112,104",
      "decoration/house-yellow/1 @-80,104",
      "decoration/tree/1 @-16,104",
      "decoration/bush/0 @16,104",
      "decoration/car/2 @80,104",
      "decoration/house-blue/0 @144,104",
      "decoration/tree/0 @208,104",
      "decoration/bush/2 @-192,112",
      "decoration/bench/0 @-160,112",
      "decoration/tree/2 @-128,112",
      "decoration/flowers/2 @-96,112",
      "decoration/bush/1 @-32,112",
      "decoration/car/1 @0,112",
      "decoration/tree/2 @32,112",
      "decoration/bush/1 @96,112",
      "decoration/tree/2 @128,112",
      "decoration/tree/1 @160,112",
      "decoration/tree/0 @192,112",
      "decoration/flowers/0 @-176,120",
      "decoration/fountain/0 @-144,120",
      "decoration/tree/1 @-112,120",
      "decoration/house-yellow/2 @-48,120",
      "decoration/tree/1 @-16,120",
      "decoration/house-green/2 @16,120",
      "decoration/house-yellow/1 @112,120",
      "decoration/house-green/1 @176,120",
      "decoration/tree/1 @-160,128",
      "decoration/bush/1 @-128,128",
      "decoration/bush/1 @-32,128",
      "decoration/bush/1 @0,128",
      "decoration/tree/0 @32,128",
      "decoration/house-red/2 @64,128",
      "decoration/bush/2 @128,128",
      "decoration/lamp/2 @-144,136",
      "decoration/tree/2 @-80,136",
      "decoration/house-green/1 @-48,136",
      "decoration/house-green/2 @-16,136",
      "decoration/bush/2 @48,136",
      "decoration/house-green/2 @144,136",
      "decoration/tree/1 @-64,144",
      "decoration/tree/0 @0,144",
      "decoration/house-yellow/0 @32,144",
      "decoration/house-yellow/1 @96,144",
      "decoration/flowers/0 @-112,152",
      "decoration/house-yellow/0 @-80,152",
      "decoration/tree/0 @-48,152",
      "decoration/house-yellow/1 @-16,152",
      "decoration/tree/0 @48,152",
      "decoration/tree/0 @80,152",
      "decoration/tree/2 @-96,160",
      "decoration/bush/1 @-32,160",
      "decoration/house-blue/0 @0,160",
      "decoration/house-green/0 @64,160",
      "decoration/car/0 @-80,168",
      "decoration/house-red/0 @-48,168",
      "decoration/tree/1 @16,168",
      "decoration/tree/0 @48,168",
      "decoration/car/1 @80,168",
      "decoration/tree/2 @-64,176",
      "decoration/house-blue/2 @-32,176",
      "decoration/flowers/2 @0,176",
      "decoration/house-yellow/2 @32,176",
      "decoration/bush/1 @-48,184",
      "decoration/car/2 @48,184",
      "decoration/house-yellow/2 @0,192",
      "decoration/car/2 @16,200",
    ],
    "orientation": 0,
    "roadShapes": [
      "road/10",
      "road/11",
      "road/12",
      "road/13",
      "road/14",
      "road/15",
      "road/3",
      "road/5",
      "road/6",
      "road/7",
      "road/9",
    ],
  },
  {
    "objects": [
      "decoration/house-green/2 @0,-192",
      "decoration/flowers/0 @-16,-184",
      "decoration/tree/2 @-32,-176",
      "decoration/tree/0 @0,-176",
      "decoration/house-red/2 @32,-176",
      "decoration/bush/1 @-48,-168",
      "decoration/car/2 @-16,-168",
      "decoration/bush/0 @48,-168",
      "decoration/bush/2 @-64,-160",
      "decoration/tree/1 @-32,-160",
      "decoration/house-green/2 @0,-160",
      "decoration/house-green/0 @64,-160",
      "decoration/tree/2 @-80,-152",
      "decoration/tree/1 @-16,-152",
      "decoration/car/0 @16,-152",
      "decoration/tree/1 @48,-152",
      "decoration/tree/0 @-96,-144",
      "decoration/bush/2 @-64,-144",
      "decoration/bush/0 @-32,-144",
      "decoration/house-blue/2 @32,-144",
      "decoration/tree/1 @64,-144",
      "decoration/house-yellow/2 @96,-144",
      "decoration/house-red/1 @-112,-136",
      "decoration/tree/2 @-80,-136",
      "decoration/house-green/2 @-48,-136",
      "decoration/car/2 @16,-136",
      "decoration/flowers/0 @48,-136",
      "decoration/tree/2 @-96,-128",
      "decoration/flowers/2 @-64,-128",
      "decoration/flowers/1 @-32,-128",
      "decoration/house-blue/1 @0,-128",
      "decoration/car/2 @32,-128",
      "decoration/house-yellow/1 @64,-128",
      "decoration/tree/2 @-144,-120",
      "decoration/house-yellow/2 @-80,-120",
      "decoration/tree/2 @-48,-120",
      "decoration/car/2 @16,-120",
      "decoration/car/0 @48,-120",
      "decoration/tree/0 @80,-120",
      "decoration/tree/0 @144,-120",
      "decoration/house-blue/2 @-160,-112",
      "decoration/house-blue/1 @-32,-112",
      "decoration/tree/1 @0,-112",
      "decoration/house-blue/2 @32,-112",
      "decoration/bush/2 @64,-112",
      "decoration/tree/2 @128,-112",
      "decoration/tree/1 @160,-112",
      "decoration/tree/0 @-176,-104",
      "decoration/car/0 @-144,-104",
      "decoration/tree/1 @-48,-104",
      "decoration/car/0 @16,-104",
      "decoration/bush/1 @48,-104",
      "decoration/house-green/1 @144,-104",
      "decoration/flowers/0 @176,-104",
      "decoration/house-blue/1 @-192,-96",
      "decoration/house-yellow/2 @-128,-96",
      "decoration/tree/2 @-96,-96",
      "decoration/tree/2 @-32,-96",
      "decoration/house-yellow/1 @0,-96",
      "decoration/car/0 @128,-96",
      "decoration/bush/0 @160,-96",
      "decoration/tree/1 @192,-96",
      "decoration/bush/2 @-208,-88",
      "decoration/car/0 @-144,-88",
      "decoration/bush/0 @-80,-88",
      "decoration/car/1 @-16,-88",
      "decoration/house-red/0 @112,-88",
      "decoration/flowers/1 @144,-88",
      "decoration/house-green/0 @176,-88",
      "decoration/tree/2 @208,-88",
      "decoration/flowers/0 @-224,-80",
      "decoration/flowers/1 @-192,-80",
      "decoration/house-red/0 @-160,-80",
      "decoration/flowers/2 @-128,-80",
      "decoration/tree/2 @-96,-80",
      "decoration/house-red/1 @-64,-80",
      "decoration/flowers/1 @0,-80",
      "decoration/tree/1 @128,-80",
      "decoration/tree/2 @192,-80",
      "decoration/tree/2 @224,-80",
      "decoration/tree/1 @-240,-72",
      "decoration/bench/0 @-208,-72",
      "decoration/tree/0 @-176,-72",
      "decoration/tree/1 @-144,-72",
      "decoration/tree/0 @-80,-72",
      "decoration/house-red/0 @80,-72",
      "decoration/flowers/0 @112,-72",
      "decoration/tree/0 @144,-72",
      "decoration/car/1 @176,-72",
      "decoration/house-yellow/2 @208,-72",
      "decoration/tree/0 @240,-72",
      "decoration/lamp/2 @-256,-64",
      "decoration/fountain/0 @-224,-64",
      "decoration/bush/0 @-192,-64",
      "decoration/flowers/0 @-160,-64",
      "decoration/tree/0 @-128,-64",
      "decoration/house-yellow/0 @-96,-64",
      "decoration/house-blue/0 @-32,-64",
      "decoration/tree/2 @64,-64",
      "decoration/car/1 @96,-64",
      "decoration/tree/0 @192,-64",
      "decoration/car/1 @224,-64",
      "decoration/tree/1 @256,-64",
      "decoration/bush/1 @-240,-56",
      "decoration/tree/2 @-208,-56",
      "decoration/bush/2 @-176,-56",
      "decoration/car/1 @-112,-56",
      "decoration/tree/2 @-48,-56",
      "decoration/house-red/0 @48,-56",
      "decoration/house-yellow/0 @112,-56",
      "decoration/tree/2 @144,-56",
      "decoration/house-red/1 @176,-56",
      "decoration/car/2 @208,-56",
      "decoration/house-yellow/2 @240,-56",
      "decoration/flowers/0 @-288,-48",
      "decoration/tree/1 @-224,-48",
      "decoration/flowers/1 @-192,-48",
      "decoration/house-blue/0 @-160,-48",
      "decoration/tree/1 @-64,-48",
      "decoration/lamp/0 @0,-48",
      "decoration/flowers/2 @64,-48",
      "decoration/bush/0 @96,-48",
      "decoration/tree/1 @128,-48",
      "decoration/flowers/2 @160,-48",
      "decoration/car/2 @192,-48",
      "decoration/bush/0 @288,-48",
      "decoration/tree/2 @-304,-40",
      "decoration/flowers/2 @-208,-40",
      "decoration/bush/1 @-144,-40",
      "decoration/tree/2 @-112,-40",
      "decoration/car/1 @-80,-40",
      "decoration/flowers/1 @-16,-40",
      "decoration/flowers/0 @16,-40",
      "decoration/house-red/0 @80,-40",
      "decoration/flowers/1 @112,-40",
      "decoration/bench/0 @144,-40",
      "decoration/tree/2 @176,-40",
      "decoration/house-red/2 @208,-40",
      "decoration/flowers/1 @272,-40",
      "decoration/car/0 @-320,-32",
      "decoration/house-yellow/0 @-288,-32",
      "decoration/tree/2 @-256,-32",
      "decoration/house-yellow/1 @-192,-32",
      "decoration/car/1 @-160,-32",
      "decoration/house-blue/2 @-128,-32",
      "decoration/tree/0 @-96,-32",
      "decoration/bench/0 @-32,-32",
      "decoration/bench/1 @32,-32",
      "decoration/flowers/0 @96,-32",
      "decoration/fountain/0 @128,-32",
      "decoration/flowers/0 @160,-32",
      "decoration/tree/2 @192,-32",
      "decoration/house-red/2 @288,-32",
      "decoration/tree/2 @-336,-24",
      "decoration/tree/1 @-272,-24",
      "decoration/flowers/1 @-144,-24",
      "decoration/bush/2 @-112,-24",
      "decoration/lamp/0 @-48,-24",
      "decoration/fountain/2 @16,-24",
      "decoration/lamp/0 @48,-24",
      "decoration/tree/0 @112,-24",
      "decoration/tree/2 @144,-24",
      "decoration/bush/1 @176,-24",
      "decoration/flowers/0 @272,-24",
      "decoration/car/1 @336,-24",
      "decoration/bush/1 @-352,-16",
      "decoration/house-red/0 @-320,-16",
      "decoration/tree/0 @-288,-16",
      "decoration/house-green/1 @-256,-16",
      "decoration/house-yellow/2 @-224,-16",
      "decoration/house-red/1 @-160,-16",
      "decoration/tree/2 @-64,-16",
      "decoration/flowers/0 @-32,-16",
      "decoration/flowers/1 @32,-16",
      "decoration/flowers/2 @128,-16",
      "decoration/tree/1 @160,-16",
      "decoration/car/2 @224,-16",
      "decoration/house-red/1 @256,-16",
      "decoration/tree/2 @320,-16",
      "decoration/tree/1 @352,-16",
      "decoration/house-blue/2 @-336,-8",
      "decoration/bush/1 @-304,-8",
      "decoration/bush/1 @-240,-8",
      "decoration/bush/1 @-208,-8",
      "decoration/tree/2 @-144,-8",
      "decoration/bush/1 @-80,-8",
      "decoration/flowers/0 @-48,-8",
      "decoration/bench/1 @-16,-8",
      "decoration/flowers/2 @16,-8",
      "decoration/tree/1 @144,-8",
      "decoration/tree/1 @208,-8",
      "decoration/bush/0 @272,-8",
      "decoration/car/0 @304,-8",
      "decoration/bush/0 @336,-8",
      "decoration/house-red/2 @368,-8",
      "decoration/house-yellow/1 @-288,0",
      "decoration/house-green/2 @-256,0",
      "decoration/tree/1 @-224,0",
      "decoration/tree/1 @-192,0",
      "decoration/bench/0 @-96,0",
      "decoration/lamp/0 @0,0",
      "decoration/house-yellow/2 @224,0",
      "decoration/tree/2 @256,0",
      "decoration/house-blue/1 @288,0",
      "decoration/tree/1 @352,0",
      "decoration/house-yellow/2 @-368,8",
      "decoration/flowers/2 @-336,8",
      "decoration/house-blue/0 @-304,8",
      "decoration/tree/0 @-272,8",
      "decoration/bush/1 @-240,8",
      "decoration/car/1 @-208,8",
      "decoration/tree/2 @-176,8",
      "decoration/tree/1 @-112,8",
      "decoration/tree/1 @-16,8",
      "building/placeholder-brick-1/view-0/default/level-1 @112,8",
      "decoration/bush/2 @208,8",
      "decoration/tree/1 @272,8",
      "decoration/tree/1 @304,8",
      "decoration/house-green/0 @336,8",
      "decoration/bush/2 @368,8",
      "decoration/house-blue/1 @400,8",
      "decoration/car/2 @-384,16",
      "decoration/tree/1 @-320,16",
      "decoration/house-green/2 @-224,16",
      "decoration/bush/0 @-192,16",
      "decoration/flowers/1 @-32,16",
      "decoration/house-blue/2 @192,16",
      "decoration/house-yellow/1 @256,16",
      "decoration/tree/1 @288,16",
      "decoration/tree/0 @320,16",
      "decoration/car/2 @352,16",
      "decoration/tree/2 @384,16",
      "decoration/house-yellow/2 @-336,24",
      "decoration/house-yellow/0 @-272,24",
      "decoration/tree/0 @-240,24",
      "decoration/tree/2 @-208,24",
      "decoration/tree/1 @-144,24",
      "decoration/flowers/2 @-80,24",
      "decoration/flowers/0 @-48,24",
      "decoration/flowers/0 @16,24",
      "decoration/flowers/1 @48,24",
      "decoration/lamp/0 @144,24",
      "decoration/tree/2 @208,24",
      "decoration/tree/0 @240,24",
      "decoration/car/1 @272,24",
      "decoration/house-blue/2 @304,24",
      "decoration/house-yellow/0 @368,24",
      "decoration/car/2 @-352,32",
      "decoration/tree/0 @-320,32",
      "decoration/tree/0 @-288,32",
      "decoration/bush/2 @-256,32",
      "decoration/tree/1 @-128,32",
      "decoration/tree/2 @-64,32",
      "decoration/tree/1 @-32,32",
      "decoration/house-green/1 @32,32",
      "decoration/flowers/0 @128,32",
      "decoration/flowers/1 @160,32",
      "decoration/house-green/2 @224,32",
      "decoration/car/1 @288,32",
      "decoration/house-green/0 @-304,40",
      "decoration/house-red/2 @-240,40",
      "decoration/tree/1 @-176,40",
      "decoration/tree/0 @-112,40",
      "decoration/house-blue/1 @-48,40",
      "decoration/tree/1 @16,40",
      "decoration/bench/0 @112,40",
      "decoration/flowers/0 @176,40",
      "decoration/house-yellow/1 @272,40",
      "decoration/house-red/2 @336,40",
      "decoration/car/1 @-320,48",
      "decoration/tree/0 @-288,48",
      "decoration/car/2 @-192,48",
      "decoration/house-green/0 @-160,48",
      "decoration/house-red/2 @-96,48",
      "decoration/tree/0 @-32,48",
      "decoration/lamp/0 @96,48",
      "decoration/fountain/2 @160,48",
      "decoration/lamp/0 @192,48",
      "decoration/tree/1 @256,48",
      "decoration/tree/0 @288,48",
      "decoration/car/1 @320,48",
      "decoration/house-yellow/1 @-272,56",
      "decoration/bush/1 @-208,56",
      "decoration/tree/2 @-176,56",
      "decoration/car/0 @-144,56",
      "decoration/car/1 @-112,56",
      "decoration/car/1 @-80,56",
      "decoration/bush/0 @-16,56",
      "decoration/bench/1 @112,56",
      "decoration/flowers/1 @176,56",
      "decoration/lamp/0 @208,56",
      "decoration/flowers/0 @272,56",
      "decoration/house-green/1 @304,56",
      "decoration/house-yellow/1 @-224,64",
      "decoration/bush/1 @-160,64",
      "decoration/house-yellow/0 @-128,64",
      "decoration/bush/1 @-96,64",
      "decoration/tree/1 @-64,64",
      "building/placeholder-brick-1/view-0/default/level-1 @0,64",
      "decoration/house-green/2 @64,64",
      "decoration/bench/1 @128,64",
      "decoration/flowers/0 @160,64",
      "decoration/bench/0 @192,64",
      "decoration/flowers/1 @224,64",
      "decoration/tree/1 @288,64",
      "decoration/bush/2 @-240,72",
      "decoration/tree/2 @-208,72",
      "decoration/tree/0 @-144,72",
      "decoration/car/2 @-112,72",
      "decoration/bush/2 @-80,72",
      "decoration/lamp/0 @144,72",
      "decoration/flowers/2 @176,72",
      "decoration/flowers/2 @240,72",
      "decoration/house-green/2 @-256,80",
      "decoration/house-blue/0 @-192,80",
      "decoration/flowers/1 @-160,80",
      "decoration/car/0 @-128,80",
      "decoration/house-yellow/2 @-96,80",
      "decoration/tree/2 @-64,80",
      "decoration/house-red/2 @-32,80",
      "decoration/house-red/2 @32,80",
      "decoration/house-yellow/2 @96,80",
      "decoration/flowers/2 @128,80",
      "decoration/lamp/0 @160,80",
      "decoration/fountain/2 @224,80",
      "decoration/lamp/0 @256,80",
      "decoration/tree/1 @-208,88",
      "decoration/house-green/1 @-144,88",
      "decoration/car/2 @-112,88",
      "decoration/bush/2 @-80,88",
      "decoration/car/0 @-48,88",
      "decoration/car/1 @48,88",
      "decoration/tree/0 @80,88",
      "decoration/tree/1 @112,88",
      "decoration/house-green/0 @144,88",
      "decoration/flowers/1 @176,88",
      "decoration/flowers/2 @240,88",
      "decoration/house-green/1 @-224,96",
      "decoration/bush/2 @-128,96",
      "decoration/car/1 @-96,96",
      "decoration/house-yellow/0 @-64,96",
      "decoration/bush/1 @0,96",
      "decoration/tree/2 @64,96",
      "decoration/flowers/0 @192,96",
      "decoration/bench/0 @224,96",
      "decoration/tree/0 @-208,104",
      "decoration/tree/0 @-176,104",
      "decoration/car/1 @-144,104",
      "decoration/house-yellow/2 @-112,104",
      "decoration/flowers/0 @-80,104",
      "decoration/house-green/1 @-16,104",
      "decoration/tree/0 @16,104",
      "decoration/tree/0 @80,104",
      "decoration/tree/0 @112,104",
      "decoration/tree/1 @144,104",
      "decoration/tree/2 @176,104",
      "decoration/lamp/0 @208,104",
      "decoration/tree/0 @-192,112",
      "decoration/tree/1 @-160,112",
      "decoration/tree/0 @-96,112",
      "decoration/bush/0 @-32,112",
      "decoration/car/2 @0,112",
      "decoration/tree/0 @96,112",
      "decoration/tree/0 @128,112",
      "decoration/tree/2 @160,112",
      "decoration/tree/0 @192,112",
      "decoration/bush/0 @-176,120",
      "decoration/house-green/2 @-144,120",
      "decoration/bush/1 @-112,120",
      "decoration/house-green/0 @-48,120",
      "decoration/tree/2 @-16,120",
      "decoration/house-red/0 @16,120",
      "decoration/flowers/0 @112,120",
      "decoration/house-yellow/2 @144,120",
      "decoration/car/1 @176,120",
      "decoration/tree/0 @-160,128",
      "decoration/bush/1 @-128,128",
      "decoration/house-green/0 @-64,128",
      "decoration/car/0 @-32,128",
      "decoration/tree/1 @0,128",
      "decoration/tree/0 @32,128",
      "decoration/bush/0 @64,128",
      "decoration/house-green/1 @-16,136",
      "decoration/house-yellow/1 @80,136",
      "decoration/tree/1 @144,136",
      "decoration/house-green/1 @-96,144",
      "decoration/tree/2 @-64,144",
      "decoration/house-red/0 @-32,144",
      "decoration/tree/0 @32,144",
      "decoration/tree/2 @96,144",
      "decoration/tree/1 @-80,152",
      "decoration/tree/1 @-16,152",
      "decoration/house-green/1 @48,152",
      "decoration/tree/1 @80,152",
      "decoration/tree/0 @112,152",
      "decoration/house-yellow/0 @-64,160",
      "decoration/bush/2 @-32,160",
      "decoration/house-blue/1 @0,160",
      "decoration/bush/2 @96,160",
      "decoration/tree/2 @-48,168",
      "decoration/house-red/0 @80,168",
      "decoration/house-yellow/1 @-32,176",
      "decoration/house-red/1 @32,176",
      "decoration/tree/1 @-48,184",
      "decoration/bush/2 @48,184",
      "decoration/house-red/0 @0,192",
      "decoration/tree/1 @32,192",
      "decoration/tree/2 @16,200",
      "decoration/tree/2 @0,208",
    ],
    "orientation": 1,
    "roadShapes": [
      "road/10",
      "road/11",
      "road/12",
      "road/13",
      "road/14",
      "road/15",
      "road/3",
      "road/5",
      "road/6",
      "road/7",
      "road/9",
    ],
  },
  {
    "objects": [
      "decoration/car/2 @-16,-184",
      "decoration/house-yellow/2 @0,-176",
      "decoration/car/2 @-48,-168",
      "decoration/bush/1 @48,-168",
      "decoration/house-yellow/2 @-32,-160",
      "decoration/flowers/2 @0,-160",
      "decoration/house-blue/2 @32,-160",
      "decoration/tree/2 @64,-160",
      "decoration/car/1 @-80,-152",
      "decoration/tree/0 @-48,-152",
      "decoration/tree/1 @-16,-152",
      "decoration/house-red/0 @48,-152",
      "decoration/car/0 @80,-152",
      "decoration/house-green/0 @-64,-144",
      "decoration/house-blue/0 @0,-144",
      "decoration/bush/1 @32,-144",
      "decoration/tree/2 @96,-144",
      "decoration/tree/0 @-80,-136",
      "decoration/tree/0 @-48,-136",
      "decoration/house-yellow/1 @16,-136",
      "decoration/tree/0 @48,-136",
      "decoration/house-yellow/0 @80,-136",
      "decoration/flowers/0 @112,-136",
      "decoration/house-yellow/1 @-96,-128",
      "decoration/house-yellow/0 @-32,-128",
      "decoration/tree/0 @0,-128",
      "decoration/tree/1 @64,-128",
      "decoration/house-green/2 @-144,-120",
      "decoration/bush/2 @-48,-120",
      "decoration/house-green/2 @16,-120",
      "decoration/house-green/1 @48,-120",
      "decoration/tree/2 @80,-120",
      "decoration/lamp/2 @144,-120",
      "decoration/bush/2 @-128,-112",
      "decoration/house-red/2 @-64,-112",
      "decoration/tree/0 @-32,-112",
      "decoration/bush/1 @0,-112",
      "decoration/bush/1 @32,-112",
      "decoration/bush/1 @128,-112",
      "decoration/tree/1 @160,-112",
      "decoration/house-green/1 @-176,-104",
      "decoration/house-yellow/1 @-112,-104",
      "decoration/house-green/2 @-16,-104",
      "decoration/tree/1 @16,-104",
      "decoration/house-yellow/2 @48,-104",
      "decoration/tree/1 @112,-104",
      "decoration/fountain/0 @144,-104",
      "decoration/flowers/0 @176,-104",
      "decoration/tree/0 @-192,-96",
      "decoration/tree/1 @-160,-96",
      "decoration/tree/2 @-128,-96",
      "decoration/bush/1 @-96,-96",
      "decoration/tree/2 @-32,-96",
      "decoration/car/1 @0,-96",
      "decoration/bush/1 @32,-96",
      "decoration/flowers/2 @96,-96",
      "decoration/tree/2 @128,-96",
      "decoration/bench/0 @160,-96",
      "decoration/bush/2 @192,-96",
      "decoration/tree/0 @-208,-88",
      "decoration/house-blue/0 @-144,-88",
      "decoration/car/2 @-80,-88",
      "decoration/bush/0 @-16,-88",
      "decoration/tree/1 @16,-88",
      "decoration/house-yellow/1 @80,-88",
      "decoration/flowers/1 @112,-88",
      "decoration/bush/0 @144,-88",
      "decoration/flowers/1 @176,-88",
      "decoration/house-blue/1 @208,-88",
      "decoration/bush/0 @-224,-80",
      "decoration/tree/0 @-192,-80",
      "decoration/tree/2 @-96,-80",
      "decoration/tree/1 @-64,-80",
      "decoration/tree/2 @0,-80",
      "decoration/bush/2 @128,-80",
      "decoration/tree/0 @160,-80",
      "decoration/tree/0 @224,-80",
      "decoration/tree/0 @-240,-72",
      "decoration/tree/1 @-208,-72",
      "decoration/flowers/1 @-144,-72",
      "decoration/bush/1 @-112,-72",
      "decoration/house-green/0 @-80,-72",
      "decoration/house-red/1 @48,-72",
      "decoration/car/1 @80,-72",
      "decoration/house-blue/0 @112,-72",
      "decoration/flowers/0 @144,-72",
      "decoration/house-red/0 @176,-72",
      "decoration/house-blue/2 @240,-72",
      "decoration/house-green/2 @-224,-64",
      "decoration/car/1 @-192,-64",
      "decoration/house-green/1 @-160,-64",
      "decoration/tree/0 @-128,-64",
      "decoration/car/0 @-96,-64",
      "decoration/tree/1 @-32,-64",
      "decoration/tree/2 @32,-64",
      "decoration/flowers/1 @64,-64",
      "decoration/bush/1 @96,-64",
      "decoration/tree/1 @160,-64",
      "decoration/car/0 @192,-64",
      "decoration/car/0 @224,-64",
      "decoration/tree/2 @256,-64",
      "decoration/bush/1 @-240,-56",
      "decoration/bush/2 @-176,-56",
      "decoration/car/0 @-144,-56",
      "decoration/house-yellow/0 @-112,-56",
      "decoration/tree/1 @-48,-56",
      "decoration/house-blue/2 @80,-56",
      "decoration/tree/0 @144,-56",
      "decoration/flowers/2 @176,-56",
      "decoration/house-yellow/2 @208,-56",
      "decoration/bush/1 @-224,-48",
      "decoration/house-yellow/2 @-192,-48",
      "decoration/car/2 @-160,-48",
      "decoration/car/2 @-128,-48",
      "decoration/car/1 @-96,-48",
      "decoration/tree/0 @-64,-48",
      "decoration/tree/1 @0,-48",
      "decoration/bush/2 @64,-48",
      "decoration/tree/2 @96,-48",
      "decoration/car/1 @128,-48",
      "decoration/house-red/1 @288,-48",
      "decoration/house-green/1 @-272,-40",
      "decoration/tree/0 @-208,-40",
      "decoration/car/1 @-176,-40",
      "decoration/house-yellow/2 @-144,-40",
      "decoration/bush/1 @-112,-40",
      "decoration/house-red/2 @-80,-40",
      "decoration/bench/0 @16,-40",
      "decoration/tree/0 @80,-40",
      "decoration/house-yellow/0 @144,-40",
      "decoration/tree/2 @176,-40",
      "decoration/tree/2 @208,-40",
      "decoration/tree/2 @272,-40",
      "decoration/tree/0 @304,-40",
      "decoration/tree/1 @-288,-32",
      "decoration/flowers/0 @-192,-32",
      "decoration/bush/2 @-160,-32",
      "decoration/bush/2 @-128,-32",
      "decoration/car/1 @-96,-32",
      "decoration/flowers/2 @-32,-32",
      "decoration/bush/1 @32,-32",
      "decoration/car/1 @96,-32",
      "decoration/tree/0 @160,-32",
      "decoration/bush/0 @192,-32",
      "decoration/house-yellow/2 @256,-32",
      "decoration/tree/2 @288,-32",
      "decoration/tree/2 @320,-32",
      "decoration/house-yellow/0 @-304,-24",
      "decoration/tree/2 @-272,-24",
      "decoration/house-green/0 @-240,-24",
      "decoration/house-yellow/0 @-176,-24",
      "decoration/tree/2 @-144,-24",
      "decoration/tree/1 @-112,-24",
      "decoration/tree/2 @-48,-24",
      "decoration/tree/2 @48,-24",
      "decoration/tree/1 @112,-24",
      "decoration/house-red/1 @176,-24",
      "decoration/flowers/2 @272,-24",
      "decoration/bush/2 @304,-24",
      "decoration/bush/2 @336,-24",
      "decoration/tree/1 @-352,-16",
      "decoration/tree/2 @-320,-16",
      "decoration/house-green/0 @-224,-16",
      "decoration/car/0 @-160,-16",
      "decoration/house-blue/1 @-64,-16",
      "decoration/flowers/0 @-32,-16",
      "decoration/flowers/0 @32,-16",
      "decoration/lamp/0 @64,-16",
      "decoration/tree/2 @128,-16",
      "decoration/tree/1 @224,-16",
      "decoration/tree/2 @256,-16",
      "decoration/house-green/2 @288,-16",
      "decoration/bush/1 @352,-16",
      "decoration/house-yellow/1 @-336,-8",
      "decoration/bush/2 @-304,-8",
      "decoration/house-red/0 @-272,-8",
      "decoration/car/0 @-240,-8",
      "decoration/bush/0 @-208,-8",
      "decoration/house-red/2 @-144,-8",
      "decoration/tree/0 @-80,-8",
      "decoration/tree/1 @-48,-8",
      "decoration/flowers/1 @-16,-8",
      "decoration/flowers/0 @48,-8",
      "decoration/bench/0 @80,-8",
      "decoration/house-blue/0 @144,-8",
      "decoration/tree/2 @208,-8",
      "decoration/house-blue/1 @240,-8",
      "decoration/flowers/1 @272,-8",
      "decoration/bush/0 @304,-8",
      "decoration/tree/1 @336,-8",
      "decoration/tree/2 @368,-8",
      "decoration/tree/1 @-288,0",
      "decoration/house-green/1 @-256,0",
      "decoration/tree/2 @-224,0",
      "decoration/house-green/1 @-192,0",
      "decoration/bush/0 @-96,0",
      "decoration/tree/1 @0,0",
      "decoration/bench/1 @32,0",
      "decoration/flowers/1 @96,0",
      "decoration/car/1 @192,0",
      "decoration/tree/1 @320,0",
      "decoration/car/2 @352,0",
      "decoration/flowers/0 @384,0",
      "decoration/tree/2 @-400,8",
      "decoration/house-red/0 @-368,8",
      "decoration/house-blue/1 @-304,8",
      "decoration/tree/1 @-240,8",
      "decoration/car/2 @-208,8",
      "decoration/bush/1 @-176,8",
      "building/placeholder-brick-1/view-1/default/level-1 @-112,8",
      "decoration/lamp/0 @16,8",
      "decoration/lamp/0 @112,8",
      "decoration/flowers/1 @176,8",
      "decoration/house-yellow/1 @208,8",
      "decoration/tree/1 @240,8",
      "decoration/house-blue/1 @272,8",
      "decoration/house-green/2 @336,8",
      "decoration/tree/0 @368,8",
      "decoration/house-green/2 @400,8",
      "decoration/tree/2 @-384,16",
      "decoration/house-red/0 @-224,16",
      "decoration/tree/0 @-192,16",
      "decoration/tree/1 @-64,16",
      "decoration/flowers/0 @-32,16",
      "decoration/flowers/2 @32,16",
      "decoration/fountain/2 @64,16",
      "decoration/flowers/0 @96,16",
      "decoration/car/0 @224,16",
      "decoration/car/2 @256,16",
      "decoration/car/2 @288,16",
      "decoration/car/0 @320,16",
      "decoration/tree/1 @-368,24",
      "decoration/house-red/1 @-336,24",
      "decoration/tree/0 @-272,24",
      "decoration/tree/0 @-240,24",
      "decoration/house-red/2 @-144,24",
      "decoration/house-green/1 @-48,24",
      "decoration/flowers/1 @48,24",
      "decoration/bench/1 @80,24",
      "decoration/house-blue/2 @240,24",
      "decoration/car/2 @272,24",
      "decoration/house-blue/2 @304,24",
      "decoration/house-red/2 @368,24",
      "decoration/bush/2 @-352,32",
      "decoration/house-green/1 @-288,32",
      "decoration/car/1 @-160,32",
      "decoration/flowers/1 @-32,32",
      "decoration/lamp/0 @64,32",
      "decoration/house-red/0 @128,32",
      "decoration/bush/1 @224,32",
      "decoration/car/0 @256,32",
      "decoration/flowers/0 @288,32",
      "decoration/tree/1 @320,32",
      "decoration/bush/0 @352,32",
      "decoration/bush/0 @-240,40",
      "decoration/tree/2 @-176,40",
      "decoration/house-green/2 @-112,40",
      "decoration/flowers/2 @112,40",
      "decoration/tree/2 @144,40",
      "decoration/bush/2 @240,40",
      "decoration/house-yellow/1 @272,40",
      "decoration/tree/1 @304,40",
      "decoration/house-green/0 @336,40",
      "decoration/house-red/0 @-320,48",
      "decoration/tree/1 @-288,48",
      "decoration/house-yellow/1 @-256,48",
      "decoration/tree/0 @-192,48",
      "decoration/tree/0 @-160,48",
      "decoration/house-red/0 @96,48",
      "decoration/house-red/0 @160,48",
      "decoration/tree/0 @256,48",
      "decoration/bush/2 @-304,56",
      "decoration/tree/2 @-272,56",
      "decoration/tree/0 @-208,56",
      "decoration/house-yellow/2 @-144,56",
      "decoration/lamp/0 @-80,56",
      "decoration/flowers/0 @80,56",
      "decoration/bush/0 @112,56",
      "decoration/car/1 @144,56",
      "decoration/house-yellow/2 @304,56",
      "decoration/tree/0 @-288,64",
      "decoration/flowers/0 @-224,64",
      "decoration/tree/0 @-192,64",
      "decoration/tree/1 @-160,64",
      "decoration/bench/1 @-96,64",
      "decoration/bench/0 @-64,64",
      "building/placeholder-brick-1/view-1/default/level-1 @0,64",
      "decoration/tree/0 @64,64",
      "decoration/flowers/1 @96,64",
      "decoration/house-yellow/0 @128,64",
      "decoration/flowers/0 @160,64",
      "decoration/house-red/0 @192,64",
      "decoration/tree/0 @-208,72",
      "decoration/flowers/2 @-144,72",
      "decoration/bench/1 @-112,72",
      "decoration/flowers/0 @-48,72",
      "decoration/flowers/2 @48,72",
      "decoration/fountain/0 @80,72",
      "decoration/tree/1 @112,72",
      "decoration/tree/1 @176,72",
      "decoration/car/0 @208,72",
      "decoration/tree/2 @240,72",
      "decoration/tree/1 @-256,80",
      "decoration/house-yellow/2 @-224,80",
      "decoration/tree/1 @-192,80",
      "decoration/house-green/0 @-160,80",
      "decoration/lamp/0 @-128,80",
      "decoration/lamp/0 @-32,80",
      "decoration/tree/1 @32,80",
      "decoration/tree/2 @64,80",
      "decoration/bench/0 @96,80",
      "decoration/tree/2 @128,80",
      "decoration/tree/0 @160,80",
      "decoration/flowers/1 @192,80",
      "decoration/house-green/1 @224,80",
      "decoration/tree/0 @256,80",
      "decoration/tree/2 @-208,88",
      "decoration/lamp/0 @-144,88",
      "decoration/flowers/0 @-112,88",
      "decoration/fountain/2 @-80,88",
      "decoration/flowers/1 @-48,88",
      "decoration/tree/1 @48,88",
      "decoration/flowers/0 @80,88",
      "decoration/flowers/2 @112,88",
      "decoration/bush/0 @208,88",
      "decoration/tree/1 @240,88",
      "decoration/car/1 @-224,96",
      "decoration/tree/2 @-192,96",
      "decoration/flowers/1 @-160,96",
      "decoration/flowers/2 @-128,96",
      "decoration/flowers/1 @-96,96",
      "decoration/flowers/0 @-64,96",
      "decoration/bush/1 @64,96",
      "decoration/tree/2 @96,96",
      "decoration/house-red/1 @128,96",
      "decoration/car/1 @160,96",
      "decoration/house-green/0 @192,96",
      "decoration/flowers/0 @224,96",
      "decoration/tree/0 @-208,104",
      "decoration/flowers/0 @-176,104",
      "decoration/bench/0 @-112,104",
      "decoration/lamp/0 @-80,104",
      "decoration/house-blue/2 @-16,104",
      "decoration/tree/2 @80,104",
      "decoration/car/2 @112,104",
      "decoration/tree/0 @144,104",
      "decoration/tree/2 @176,104",
      "decoration/tree/1 @208,104",
      "decoration/lamp/0 @-192,112",
      "decoration/lamp/0 @-96,112",
      "decoration/tree/2 @-32,112",
      "decoration/bush/2 @0,112",
      "decoration/tree/1 @32,112",
      "decoration/house-red/2 @96,112",
      "decoration/car/2 @128,112",
      "decoration/house-yellow/2 @160,112",
      "decoration/tree/2 @192,112",
      "decoration/bench/0 @-176,120",
      "decoration/fountain/2 @-144,120",
      "decoration/flowers/1 @-112,120",
      "decoration/house-green/2 @-48,120",
      "decoration/house-yellow/2 @16,120",
      "decoration/car/2 @48,120",
      "decoration/car/1 @144,120",
      "decoration/tree/2 @176,120",
      "decoration/flowers/2 @-160,128",
      "decoration/flowers/2 @-128,128",
      "decoration/tree/0 @-32,128",
      "decoration/house-yellow/2 @128,128",
      "decoration/tree/0 @160,128",
      "decoration/lamp/0 @-144,136",
      "decoration/tree/1 @-80,136",
      "decoration/house-yellow/1 @-16,136",
      "decoration/tree/2 @16,136",
      "decoration/house-red/1 @48,136",
      "decoration/tree/1 @144,136",
      "decoration/flowers/0 @-96,144",
      "decoration/house-yellow/1 @-64,144",
      "decoration/car/1 @-32,144",
      "decoration/tree/1 @0,144",
      "decoration/bush/0 @32,144",
      "decoration/flowers/0 @64,144",
      "decoration/flowers/1 @96,144",
      "decoration/tree/1 @-112,152",
      "decoration/tree/0 @-80,152",
      "decoration/car/1 @-48,152",
      "decoration/tree/1 @-16,152",
      "decoration/house-blue/1 @16,152",
      "decoration/house-red/2 @80,152",
      "decoration/bush/0 @112,152",
      "decoration/house-green/1 @-96,160",
      "decoration/house-blue/2 @-32,160",
      "decoration/tree/1 @0,160",
      "decoration/car/0 @32,160",
      "decoration/car/1 @-80,168",
      "decoration/tree/0 @-16,168",
      "decoration/tree/2 @48,168",
      "decoration/house-red/2 @-64,176",
      "decoration/house-green/0 @0,176",
      "decoration/bush/0 @32,176",
      "decoration/car/1 @64,176",
      "decoration/car/2 @-16,184",
      "decoration/tree/1 @16,184",
      "decoration/tree/1 @48,184",
      "decoration/house-yellow/0 @-32,192",
      "decoration/bush/2 @0,192",
      "decoration/house-red/2 @32,192",
      "decoration/tree/2 @-16,200",
      "decoration/house-blue/1 @0,208",
    ],
    "orientation": 2,
    "roadShapes": [
      "road/10",
      "road/11",
      "road/12",
      "road/13",
      "road/14",
      "road/15",
      "road/3",
      "road/5",
      "road/6",
      "road/7",
      "road/9",
    ],
  },
  {
    "objects": [
      "decoration/tree/2 @0,-192",
      "decoration/tree/2 @-16,-184",
      "decoration/tree/1 @-32,-176",
      "decoration/house-red/0 @0,-176",
      "decoration/bush/2 @-48,-168",
      "decoration/tree/1 @48,-168",
      "decoration/house-red/1 @-32,-160",
      "decoration/house-yellow/1 @32,-160",
      "decoration/house-red/0 @-80,-152",
      "decoration/tree/2 @48,-152",
      "decoration/bush/2 @-96,-144",
      "decoration/house-blue/1 @0,-144",
      "decoration/bush/2 @32,-144",
      "decoration/house-yellow/0 @64,-144",
      "decoration/tree/0 @-112,-136",
      "decoration/tree/1 @-80,-136",
      "decoration/house-green/1 @-48,-136",
      "decoration/tree/1 @16,-136",
      "decoration/tree/1 @80,-136",
      "decoration/tree/2 @-96,-128",
      "decoration/tree/0 @-32,-128",
      "decoration/house-red/0 @32,-128",
      "decoration/tree/2 @64,-128",
      "decoration/house-green/1 @96,-128",
      "decoration/tree/1 @-144,-120",
      "decoration/house-yellow/1 @-80,-120",
      "decoration/house-green/1 @16,-120",
      "decoration/bush/0 @-64,-112",
      "decoration/tree/0 @-32,-112",
      "decoration/tree/1 @0,-112",
      "decoration/car/0 @32,-112",
      "decoration/house-green/0 @64,-112",
      "decoration/bush/1 @128,-112",
      "decoration/tree/0 @160,-112",
      "decoration/car/1 @-176,-104",
      "decoration/house-yellow/2 @-144,-104",
      "decoration/flowers/0 @-112,-104",
      "decoration/house-red/0 @-16,-104",
      "decoration/tree/2 @16,-104",
      "decoration/house-green/0 @48,-104",
      "decoration/bush/1 @112,-104",
      "decoration/house-green/2 @144,-104",
      "decoration/bush/0 @176,-104",
      "decoration/tree/0 @-192,-96",
      "decoration/tree/2 @-160,-96",
      "decoration/tree/0 @-128,-96",
      "decoration/tree/0 @-96,-96",
      "decoration/car/2 @0,-96",
      "decoration/bush/0 @32,-96",
      "decoration/tree/0 @96,-96",
      "decoration/tree/1 @160,-96",
      "decoration/tree/0 @192,-96",
      "decoration/lamp/0 @-208,-88",
      "decoration/tree/2 @-176,-88",
      "decoration/tree/1 @-144,-88",
      "decoration/tree/0 @-112,-88",
      "decoration/tree/0 @-80,-88",
      "decoration/tree/0 @-16,-88",
      "decoration/house-green/1 @16,-88",
      "decoration/flowers/0 @80,-88",
      "decoration/house-yellow/2 @112,-88",
      "decoration/car/1 @144,-88",
      "decoration/tree/0 @176,-88",
      "decoration/tree/0 @208,-88",
      "decoration/bench/0 @-224,-80",
      "decoration/flowers/0 @-192,-80",
      "decoration/tree/2 @-64,-80",
      "decoration/bush/1 @0,-80",
      "decoration/house-yellow/0 @64,-80",
      "decoration/car/1 @96,-80",
      "decoration/bush/2 @128,-80",
      "decoration/house-green/1 @224,-80",
      "decoration/flowers/2 @-240,-72",
      "decoration/flowers/1 @-176,-72",
      "decoration/house-green/0 @-144,-72",
      "decoration/tree/1 @-112,-72",
      "decoration/tree/0 @-80,-72",
      "decoration/car/1 @-48,-72",
      "decoration/car/0 @48,-72",
      "decoration/bush/2 @80,-72",
      "decoration/car/2 @112,-72",
      "decoration/house-green/1 @144,-72",
      "decoration/tree/1 @208,-72",
      "decoration/lamp/0 @-256,-64",
      "decoration/fountain/2 @-224,-64",
      "decoration/lamp/0 @-160,-64",
      "decoration/flowers/2 @-128,-64",
      "decoration/house-yellow/2 @-96,-64",
      "decoration/house-red/2 @-32,-64",
      "decoration/house-red/2 @32,-64",
      "decoration/tree/2 @64,-64",
      "decoration/house-yellow/2 @96,-64",
      "decoration/car/0 @128,-64",
      "decoration/flowers/1 @160,-64",
      "decoration/house-blue/0 @192,-64",
      "decoration/house-green/2 @256,-64",
      "decoration/flowers/2 @-240,-56",
      "decoration/flowers/2 @-176,-56",
      "decoration/lamp/0 @-144,-56",
      "decoration/bush/2 @80,-56",
      "decoration/car/2 @112,-56",
      "decoration/tree/0 @144,-56",
      "decoration/tree/2 @208,-56",
      "decoration/bush/2 @240,-56",
      "decoration/tree/1 @-288,-48",
      "decoration/flowers/1 @-224,-48",
      "decoration/bench/0 @-192,-48",
      "decoration/flowers/0 @-160,-48",
      "decoration/bench/1 @-128,-48",
      "decoration/house-green/2 @-64,-48",
      "building/placeholder-brick-1/view-2/default/level-1 @0,-48",
      "decoration/tree/1 @64,-48",
      "decoration/bush/1 @96,-48",
      "decoration/house-yellow/0 @128,-48",
      "decoration/bush/1 @160,-48",
      "decoration/house-yellow/1 @224,-48",
      "decoration/house-green/1 @-304,-40",
      "decoration/flowers/0 @-272,-40",
      "decoration/lamp/0 @-208,-40",
      "decoration/flowers/1 @-176,-40",
      "decoration/bench/1 @-112,-40",
      "decoration/bush/0 @16,-40",
      "decoration/car/1 @80,-40",
      "decoration/car/1 @112,-40",
      "decoration/car/0 @144,-40",
      "decoration/tree/2 @176,-40",
      "decoration/bush/1 @208,-40",
      "decoration/house-yellow/1 @272,-40",
      "decoration/car/1 @-320,-32",
      "decoration/tree/0 @-288,-32",
      "decoration/tree/1 @-256,-32",
      "decoration/lamp/0 @-192,-32",
      "decoration/fountain/2 @-160,-32",
      "decoration/lamp/0 @-96,-32",
      "decoration/tree/0 @32,-32",
      "decoration/house-red/2 @96,-32",
      "decoration/house-green/0 @160,-32",
      "decoration/car/2 @192,-32",
      "decoration/tree/0 @288,-32",
      "decoration/car/1 @320,-32",
      "decoration/house-red/2 @-336,-24",
      "decoration/house-yellow/1 @-272,-24",
      "decoration/flowers/0 @-176,-24",
      "decoration/bench/0 @-112,-24",
      "decoration/tree/1 @-16,-24",
      "decoration/house-blue/1 @48,-24",
      "decoration/tree/0 @112,-24",
      "decoration/tree/1 @176,-24",
      "decoration/house-red/2 @240,-24",
      "decoration/house-green/0 @304,-24",
      "decoration/car/1 @-288,-16",
      "decoration/house-green/2 @-224,-16",
      "decoration/flowers/1 @-160,-16",
      "decoration/flowers/0 @-128,-16",
      "decoration/house-green/1 @-32,-16",
      "decoration/tree/1 @32,-16",
      "decoration/tree/2 @64,-16",
      "decoration/tree/1 @128,-16",
      "decoration/bush/2 @256,-16",
      "decoration/tree/0 @288,-16",
      "decoration/tree/0 @320,-16",
      "decoration/car/2 @352,-16",
      "decoration/house-yellow/0 @-368,-8",
      "decoration/house-blue/2 @-304,-8",
      "decoration/car/1 @-272,-8",
      "decoration/tree/0 @-240,-8",
      "decoration/tree/2 @-208,-8",
      "decoration/lamp/0 @-144,-8",
      "decoration/flowers/1 @-48,-8",
      "decoration/flowers/0 @-16,-8",
      "decoration/flowers/0 @48,-8",
      "decoration/flowers/2 @80,-8",
      "decoration/tree/1 @144,-8",
      "decoration/tree/2 @208,-8",
      "decoration/tree/0 @240,-8",
      "decoration/house-yellow/0 @272,-8",
      "decoration/house-yellow/2 @336,-8",
      "decoration/tree/2 @-384,0",
      "decoration/car/2 @-352,0",
      "decoration/tree/0 @-320,0",
      "decoration/tree/1 @-288,0",
      "decoration/house-yellow/1 @-256,0",
      "decoration/house-blue/2 @-192,0",
      "decoration/flowers/1 @32,0",
      "decoration/bush/0 @192,0",
      "decoration/house-green/2 @224,0",
      "decoration/tree/1 @320,0",
      "decoration/car/2 @384,0",
      "decoration/house-blue/1 @-400,8",
      "decoration/bush/2 @-368,8",
      "decoration/house-green/0 @-336,8",
      "decoration/tree/1 @-304,8",
      "decoration/tree/1 @-272,8",
      "decoration/bush/2 @-208,8",
      "building/placeholder-brick-1/view-2/default/level-1 @-112,8",
      "decoration/tree/1 @16,8",
      "decoration/tree/1 @112,8",
      "decoration/tree/2 @176,8",
      "decoration/car/1 @208,8",
      "decoration/bush/1 @240,8",
      "decoration/tree/0 @272,8",
      "decoration/house-blue/0 @304,8",
      "decoration/flowers/2 @336,8",
      "decoration/house-yellow/2 @368,8",
      "decoration/tree/1 @-352,16",
      "decoration/house-blue/1 @-288,16",
      "decoration/tree/2 @-256,16",
      "decoration/house-yellow/2 @-224,16",
      "decoration/lamp/0 @0,16",
      "decoration/bench/0 @96,16",
      "decoration/tree/1 @192,16",
      "decoration/tree/1 @224,16",
      "decoration/house-green/2 @256,16",
      "decoration/house-yellow/1 @288,16",
      "decoration/house-red/2 @-368,24",
      "decoration/bush/0 @-336,24",
      "decoration/car/0 @-304,24",
      "decoration/bush/0 @-272,24",
      "decoration/tree/1 @-208,24",
      "decoration/tree/1 @-144,24",
      "decoration/flowers/2 @-16,24",
      "decoration/bench/1 @16,24",
      "decoration/flowers/0 @48,24",
      "decoration/bush/1 @80,24",
      "decoration/tree/2 @144,24",
      "decoration/bush/1 @208,24",
      "decoration/bush/1 @240,24",
      "decoration/bush/1 @304,24",
      "decoration/house-blue/2 @336,24",
      "decoration/tree/1 @-352,32",
      "decoration/tree/2 @-320,32",
      "decoration/house-red/1 @-256,32",
      "decoration/car/2 @-224,32",
      "decoration/tree/1 @-160,32",
      "decoration/flowers/2 @-128,32",
      "decoration/flowers/1 @-32,32",
      "decoration/flowers/0 @32,32",
      "decoration/tree/2 @64,32",
      "decoration/house-red/1 @160,32",
      "decoration/house-yellow/2 @224,32",
      "decoration/house-green/1 @256,32",
      "decoration/tree/0 @288,32",
      "decoration/house-red/0 @320,32",
      "decoration/bush/1 @352,32",
      "decoration/car/1 @-336,40",
      "decoration/flowers/0 @-272,40",
      "decoration/bush/1 @-176,40",
      "decoration/tree/2 @-144,40",
      "decoration/tree/0 @-112,40",
      "decoration/lamp/0 @-48,40",
      "decoration/fountain/2 @-16,40",
      "decoration/lamp/0 @48,40",
      "decoration/bush/2 @112,40",
      "decoration/flowers/1 @144,40",
      "decoration/tree/1 @272,40",
      "decoration/tree/2 @336,40",
      "decoration/house-red/2 @-288,48",
      "decoration/tree/2 @-192,48",
      "decoration/flowers/0 @-160,48",
      "decoration/fountain/0 @-128,48",
      "decoration/flowers/0 @-96,48",
      "decoration/bench/1 @-32,48",
      "decoration/bench/0 @32,48",
      "decoration/tree/0 @96,48",
      "decoration/house-blue/2 @128,48",
      "decoration/car/1 @160,48",
      "decoration/house-yellow/1 @192,48",
      "decoration/tree/2 @256,48",
      "decoration/house-yellow/0 @288,48",
      "decoration/car/0 @320,48",
      "decoration/flowers/1 @-272,56",
      "decoration/house-red/2 @-208,56",
      "decoration/tree/2 @-176,56",
      "decoration/bench/0 @-144,56",
      "decoration/flowers/1 @-112,56",
      "decoration/house-red/0 @-80,56",
      "decoration/flowers/0 @-16,56",
      "decoration/flowers/1 @16,56",
      "decoration/car/1 @80,56",
      "decoration/tree/2 @112,56",
      "decoration/bush/1 @144,56",
      "decoration/flowers/2 @208,56",
      "decoration/tree/2 @304,56",
      "decoration/bush/0 @-288,64",
      "decoration/car/2 @-192,64",
      "decoration/flowers/2 @-160,64",
      "decoration/tree/1 @-128,64",
      "decoration/bush/0 @-96,64",
      "decoration/flowers/2 @-64,64",
      "decoration/lamp/0 @0,64",
      "decoration/tree/1 @64,64",
      "decoration/house-blue/0 @160,64",
      "decoration/flowers/1 @192,64",
      "decoration/tree/1 @224,64",
      "decoration/flowers/0 @288,64",
      "decoration/house-yellow/2 @-240,72",
      "decoration/car/2 @-208,72",
      "decoration/house-red/1 @-176,72",
      "decoration/tree/2 @-144,72",
      "decoration/house-yellow/0 @-112,72",
      "decoration/house-red/0 @-48,72",
      "decoration/tree/2 @48,72",
      "decoration/car/1 @112,72",
      "decoration/bush/2 @176,72",
      "decoration/tree/2 @208,72",
      "decoration/bush/1 @240,72",
      "decoration/tree/1 @-256,80",
      "decoration/car/1 @-224,80",
      "decoration/tree/0 @-192,80",
      "decoration/car/1 @-96,80",
      "decoration/tree/2 @-64,80",
      "decoration/house-blue/0 @32,80",
      "decoration/house-yellow/0 @96,80",
      "decoration/tree/0 @128,80",
      "decoration/flowers/0 @160,80",
      "decoration/bush/0 @192,80",
      "decoration/fountain/0 @224,80",
      "decoration/lamp/2 @256,80",
      "decoration/tree/0 @-240,88",
      "decoration/house-yellow/2 @-208,88",
      "decoration/car/1 @-176,88",
      "decoration/tree/0 @-144,88",
      "decoration/flowers/0 @-112,88",
      "decoration/house-red/0 @-80,88",
      "decoration/tree/0 @80,88",
      "decoration/tree/1 @144,88",
      "decoration/tree/0 @176,88",
      "decoration/bench/0 @208,88",
      "decoration/tree/1 @240,88",
      "decoration/tree/2 @-224,96",
      "decoration/tree/2 @-192,96",
      "decoration/tree/1 @-128,96",
      "decoration/flowers/1 @0,96",
      "decoration/house-red/1 @64,96",
      "decoration/tree/2 @96,96",
      "decoration/flowers/2 @128,96",
      "decoration/house-red/0 @160,96",
      "decoration/flowers/1 @192,96",
      "decoration/flowers/0 @224,96",
      "decoration/tree/2 @-208,104",
      "decoration/house-green/0 @-176,104",
      "decoration/flowers/1 @-144,104",
      "decoration/house-red/0 @-112,104",
      "decoration/car/1 @16,104",
      "decoration/bush/0 @80,104",
      "decoration/car/0 @144,104",
      "decoration/bush/2 @208,104",
      "decoration/tree/1 @-192,112",
      "decoration/bush/0 @-160,112",
      "decoration/car/0 @-128,112",
      "decoration/house-yellow/1 @0,112",
      "decoration/tree/2 @32,112",
      "decoration/tree/2 @96,112",
      "decoration/house-yellow/2 @128,112",
      "decoration/house-blue/1 @192,112",
      "decoration/flowers/0 @-176,120",
      "decoration/house-green/1 @-144,120",
      "decoration/bush/1 @-48,120",
      "decoration/car/0 @-16,120",
      "decoration/tree/1 @48,120",
      "decoration/car/0 @144,120",
      "decoration/tree/0 @176,120",
      "decoration/tree/1 @-160,128",
      "decoration/tree/2 @-128,128",
      "decoration/bush/2 @-64,128",
      "decoration/house-blue/2 @-32,128",
      "decoration/tree/1 @0,128",
      "decoration/house-blue/1 @32,128",
      "decoration/house-blue/2 @160,128",
      "decoration/tree/0 @-144,136",
      "decoration/tree/0 @-80,136",
      "decoration/car/0 @-48,136",
      "decoration/car/2 @-16,136",
      "decoration/tree/2 @48,136",
      "decoration/house-yellow/2 @80,136",
      "decoration/tree/2 @144,136",
      "decoration/house-yellow/1 @-64,144",
      "decoration/car/2 @-32,144",
      "decoration/house-blue/1 @0,144",
      "decoration/flowers/1 @32,144",
      "decoration/flowers/2 @64,144",
      "decoration/tree/2 @96,144",
      "decoration/flowers/0 @-48,152",
      "decoration/car/2 @-16,152",
      "decoration/house-green/2 @48,152",
      "decoration/tree/2 @80,152",
      "decoration/house-red/1 @112,152",
      "decoration/house-yellow/2 @-96,160",
      "decoration/tree/1 @-64,160",
      "decoration/house-blue/2 @-32,160",
      "decoration/bush/0 @32,160",
      "decoration/bush/2 @64,160",
      "decoration/tree/0 @96,160",
      "decoration/tree/1 @-48,168",
      "decoration/car/0 @-16,168",
      "decoration/tree/1 @16,168",
      "decoration/tree/2 @80,168",
      "decoration/house-green/0 @-64,176",
      "decoration/house-green/2 @0,176",
      "decoration/tree/1 @32,176",
      "decoration/bush/2 @64,176",
      "decoration/bush/0 @-48,184",
      "decoration/car/2 @16,184",
      "decoration/bush/1 @48,184",
      "decoration/house-red/2 @-32,192",
      "decoration/tree/0 @0,192",
      "decoration/tree/2 @32,192",
      "decoration/flowers/0 @16,200",
      "decoration/house-green/2 @0,208",
    ],
    "orientation": 3,
    "roadShapes": [
      "road/10",
      "road/11",
      "road/12",
      "road/13",
      "road/14",
      "road/15",
      "road/3",
      "road/5",
      "road/6",
      "road/7",
      "road/9",
    ],
  },
]
`;
